
> audio-recorder-with-visualization@1.0.0 test:e2e
> cypress run --spec cypress/e2e/pipeline-mode.cy.js --config video=false


DevTools listening on ws://127.0.0.1:42249/devtools/browser/91f83eba-c713-479b-b77b-a0fff1b9c11f

================================================================================

  (Run Starting)

  ┌────────────────────────────────────────────────────────────────────────────────────────────────┐
  │ Cypress:        15.8.1                                                                         │
  │ Browser:        Electron 138 (headless)                                                        │
  │ Node Version:   v20.20.2 (/home/box/.nvm/versions/node/v20.20.2/bin/node)                      │
  │ Specs:          1 found (pipeline-mode.cy.js)                                                  │
  │ Searched:       cypress/e2e/pipeline-mode.cy.js                                                │
  └────────────────────────────────────────────────────────────────────────────────────────────────┘


────────────────────────────────────────────────────────────────────────────────────────────────────
                                                                                                    
  Running:  pipeline-mode.cy.js                                                             (1 of 1)


  Pipeline Mode
    ✓ seeds and persists the default release pipeline with a right sidebar (2760ms)
    1) shows a fixed numbered stage navigator that scrolls to pipeline stages without narrowing cards
    ✓ keeps the stage navigator fixed at the bottom of the viewport on narrow screens (1008ms)
    ✓ requires files before running and resets selected fields with a hold action (2759ms)
    ✓ asks for and persists a timezone when delayed publishing is first used (2275ms)
    ✓ uses saved visualization presets and disables inactive timing fields (1142ms)
    2) keeps relative publish dates current when the reference date changes
    ✓ loads sidebar presets stored as flat setting objects (1785ms)
    ✓ updates pipeline preset choices when the sidebar loads saved presets after startup (1708ms)
    ✓ updates pipeline preset choices immediately after saving a new preset (2962ms)
    ✓ updates pipeline preset choices when preset persistence fails but the in-memory preset is saved (2538ms)
    ✓ shows image-backed visualization previews for vertical stages and landscape album tracks (1025ms)
    ✓ applies preset visualization offsets to generated tooltip previews (974ms)
    ✓ shows fetched YouTube playlists in pipeline stages and creates playlists by name (2444ms)
    ✓ blocks out-of-order YouTube uploads by default and allows manual order from settings (1323ms)
    ✓ deletes a stage only after confirmation (1616ms)
    3) shows release type controls on stages added after clearing the pipeline
    ✓ keeps YouTube upload options separate for each stage (3843ms)
    ✓ turns selected album files into ordered editable tracks (1022ms)
    ✓ adds a dependent full album stage with its own schedule and generated timestamps (7325ms)
    ✓ schedules regular release posts from ordered files and cycle slots (2636ms)
    ✓ resets added files from a stage without opening the full reset modal (1060ms)
    ✓ labels pipeline YouTube checkboxes and generated controls with tooltips (914ms)
    ✓ runs visualization-only stages through the converter (1735ms)
    ✓ uploads direct YouTube stages with stage metadata when already signed in (4650ms)
    ✓ keeps generated tooltip boxes inside the viewport (937ms)
    ✓ renames, deletes, and reorders saved pipelines from the sidebar (2480ms)


  24 passing (1m)
  3 failing

  1) Pipeline Mode
       shows a fixed numbered stage navigator that scrolls to pipeline stages without narrowing cards:
     AssertionError: Timed out retrying after 10000ms: expected '<button.pipeline-stage-nav-btn>' to have class 'is-active'
      at Context.eval (webpack://audio-recorder-with-visualization/./cypress/e2e/pipeline-mode.cy.js:256:9)
      at getRet (http://localhost:8080/__cypress/runner/cypress_runner.js:122653:20)
      at tryCatcher (http://localhost:8080/__cypress/runner/cypress_runner.js:1777:23)
      at Promise.attempt.Promise.try (http://localhost:8080/__cypress/runner/cypress_runner.js:4285:29)
      at Context.thenFn (http://localhost:8080/__cypress/runner/cypress_runner.js:122664:66)
      at Context.then (http://localhost:8080/__cypress/runner/cypress_runner.js:122915:21)
      at wrapped (http://localhost:8080/__cypress/runner/cypress_runner.js:146027:19)

  2) Pipeline Mode
       keeps relative publish dates current when the reference date changes:

      Timed out retrying after 10000ms
      + expected - actual

      -'2026-06-30T18:21'
      +'2026-08-08T18:00'
      
      at Context.eval (webpack://audio-recorder-with-visualization/./cypress/e2e/pipeline-mode.cy.js:396:7)

  3) Pipeline Mode
       shows release type controls on stages added after clearing the pipeline:
     AssertionError: Timed out retrying after 10000ms: Expected to find content: 'Release type' within the element: <div.pipeline-stage.schedule-relative.is-invalid> and with the selector: 'label' but never did.
      at Context.eval (webpack://audio-recorder-with-visualization/./cypress/e2e/pipeline-mode.cy.js:714:9)
      at withinFn (http://localhost:8080/__cypress/runner/cypress_runner.js:135675:8)
      at <unknown> (http://localhost:8080/__cypress/runner/cypress_runner.js:135756:16)
      at __WEBPACK_DEFAULT_EXPORT__ (http://localhost:8080/__cypress/runner/cypress_runner.js:133609:10)
      at Context.within (http://localhost:8080/__cypress/runner/cypress_runner.js:135742:67)
      at wrapped (http://localhost:8080/__cypress/runner/cypress_runner.js:146027:19)




  (Results)

  ┌────────────────────────────────────────────────────────────────────────────────────────────────┐
  │ Tests:        27                                                                               │
  │ Passing:      24                                                                               │
  │ Failing:      3                                                                                │
  │ Pending:      0                                                                                │
  │ Skipped:      0                                                                                │
  │ Screenshots:  3                                                                                │
  │ Video:        true                                                                             │
  │ Duration:     1 minute, 29 seconds                                                             │
  │ Spec Ran:     pipeline-mode.cy.js                                                              │
  └────────────────────────────────────────────────────────────────────────────────────────────────┘


  (Screenshots)

  -  /tmp/gh-issue-solver-1782411117685/cypress/screenshots/pipeline-mode.cy.js/Pipel     (1280x720)
     ine Mode -- shows a fixed numbered stage navigator that scrolls to pipeline stag               
     es without narrowing cards (failed).png                                                        
  -  /tmp/gh-issue-solver-1782411117685/cypress/screenshots/pipeline-mode.cy.js/Pipel     (1280x720)
     ine Mode -- keeps relative publish dates current when the reference date changes               
      (failed).png                                                                                  
  -  /tmp/gh-issue-solver-1782411117685/cypress/screenshots/pipeline-mode.cy.js/Pipel     (1280x720)
     ine Mode -- shows release type controls on stages added after clearing the pipel               
     ine (failed).png                                                                               


  (Video)

  -  Video output: /tmp/gh-issue-solver-1782411117685/cypress/videos/pipeline-mode.cy.js.mp4


================================================================================

  (Run Finished)


       Spec                                              Tests  Passing  Failing  Pending  Skipped  
  ┌────────────────────────────────────────────────────────────────────────────────────────────────┐
  │ ✖  pipeline-mode.cy.js                      01:29       27       24        3        -        - │
  └────────────────────────────────────────────────────────────────────────────────────────────────┘
    ✖  1 of 1 failed (100%)                     01:29       27       24        3        -        -  

