
DevTools listening on ws://127.0.0.1:39919/devtools/browser/9b8ee348-e2c6-4706-8825-a5cc6cf6b87a

================================================================================

  (Run Starting)

  ┌────────────────────────────────────────────────────────────────────────────────────────────────┐
  │ Cypress:        15.8.1                                                                         │
  │ Browser:        Electron 138 (headless)                                                        │
  │ Node Version:   v20.20.2 (/home/box/.nvm/versions/node/v20.20.2/bin/node)                      │
  │ Specs:          1 found (pipeline-mode.cy.js)                                                  │
  │ Searched:       cypress/e2e/pipeline-mode.cy.js                                                │
  └────────────────────────────────────────────────────────────────────────────────────────────────┘


────────────────────────────────────────────────────────────────────────────────────────────────────
                                                                                                    
  Running:  pipeline-mode.cy.js                                                             (1 of 1)


  Pipeline Mode
    ✓ seeds and persists the default release pipeline with a right sidebar (4044ms)
    1) restores selected pipeline files after reload so the pipeline can run
    2) shows a fixed numbered stage navigator that scrolls to pipeline stages without narrowing cards
    ✓ keeps the stage navigator fixed at the bottom of the viewport on narrow screens (1452ms)
    ✓ opens stage rename and delete actions from the stage navigator context menu (2427ms)
    ✓ requires files before running and resets selected fields with a hold action (3684ms)
    ✓ asks for and persists a timezone when delayed publishing is first used (3553ms)
    ✓ uses saved visualization presets and disables inactive timing fields (2078ms)
    3) keeps relative publish dates current when the reference date changes
    ✓ loads sidebar presets stored as flat setting objects (2794ms)
    ✓ updates pipeline preset choices when the sidebar loads saved presets after startup (2686ms)
    ✓ updates pipeline preset choices immediately after saving a new preset (4204ms)
    ✓ updates pipeline preset choices when preset persistence fails but the in-memory preset is saved (3697ms)
    ✓ shows image-backed visualization previews for vertical stages and landscape album tracks (1934ms)
    ✓ applies preset visualization offsets to generated tooltip previews (1601ms)
    ✓ shows fetched YouTube playlists in pipeline stages and creates playlists by name (4351ms)
    ✓ replaces stale cached YouTube playlists in pipeline stages after restart (2911ms)
    ✓ creates a pipeline playlist after YouTube helpers become available post-render (3411ms)
    ✓ blocks out-of-order YouTube uploads by default and allows manual order from settings (1825ms)
    ✓ keeps upload review enabled by default and can disable it from settings (1814ms)
    ✓ deletes a stage only after confirmation (2270ms)
    ✓ shows release type controls on stages added after clearing the pipeline (1715ms)
    ✓ uses signed-in YouTube channel default tags for newly added stages (3176ms)
    ✓ keeps YouTube upload options separate for each stage (5687ms)
    ✓ turns selected album files into ordered editable tracks (1682ms)
    ✓ adds full album as the last upload item in combined release mode (4218ms)
    ✓ adds a dependent full album stage with its own schedule and generated timestamps (11369ms)
    ✓ keeps saved album cover previews after reload and pipeline restore (4979ms)
    ✓ schedules regular release posts from ordered files and cycle slots (3763ms)
    ✓ resets added files from a stage without opening the full reset modal (1561ms)
    ✓ labels pipeline YouTube checkboxes and generated controls with tooltips (1429ms)
    ✓ runs visualization-only stages through the converter (4139ms)
    ✓ reviews rendered visualization uploads before YouTube upload and can skip them (1764ms)
    ✓ uploads reviewed visualization results only after confirmation (2152ms)
    ✓ uploads only checked videos from the pre-upload review (1867ms)
    ✓ disables reviewed upload when no rendered video is checked (1647ms)
    ✓ uploads rendered visualization results immediately when review is disabled (1802ms)
    ✓ uploads direct YouTube stages with stage metadata when already signed in (6484ms)
    ✓ keeps generated tooltip boxes inside the viewport (1580ms)
    ✓ renames, deletes, and reorders saved pipelines from the sidebar (3504ms)


  37 passing (3m)
  3 failing

  1) Pipeline Mode
       restores selected pipeline files after reload so the pipeline can run:

      Timed out retrying after 10000ms
      + expected - actual

      -'Select files for every stage before running.'
      
      at Context.eval (webpack://audio-recorder-with-visualization/./cypress/e2e/pipeline-mode.cy.js:219:40)

  2) Pipeline Mode
       shows a fixed numbered stage navigator that scrolls to pipeline stages without narrowing cards:
     AssertionError: Timed out retrying after 10000ms: expected '<button.pipeline-stage-nav-btn>' to have class 'is-active'
      at Context.eval (webpack://audio-recorder-with-visualization/./cypress/e2e/pipeline-mode.cy.js:271:9)
      at getRet (http://localhost:8080/__cypress/runner/cypress_runner.js:122653:20)
      at tryCatcher (http://localhost:8080/__cypress/runner/cypress_runner.js:1777:23)
      at Promise.attempt.Promise.try (http://localhost:8080/__cypress/runner/cypress_runner.js:4285:29)
      at Context.thenFn (http://localhost:8080/__cypress/runner/cypress_runner.js:122664:66)
      at Context.then (http://localhost:8080/__cypress/runner/cypress_runner.js:122915:21)
      at wrapped (http://localhost:8080/__cypress/runner/cypress_runner.js:146027:19)

  3) Pipeline Mode
       keeps relative publish dates current when the reference date changes:

      Timed out retrying after 10000ms
      + expected - actual

      -'2026-08-18T12:42'
      +'2026-08-08T18:00'
      
      at Context.eval (webpack://audio-recorder-with-visualization/./cypress/e2e/pipeline-mode.cy.js:438:7)




  (Results)

  ┌────────────────────────────────────────────────────────────────────────────────────────────────┐
  │ Tests:        40                                                                               │
  │ Passing:      37                                                                               │
  │ Failing:      3                                                                                │
  │ Pending:      0                                                                                │
  │ Skipped:      0                                                                                │
  │ Screenshots:  3                                                                                │
  │ Video:        true                                                                             │
  │ Duration:     2 minutes, 39 seconds                                                            │
  │ Spec Ran:     pipeline-mode.cy.js                                                              │
  └────────────────────────────────────────────────────────────────────────────────────────────────┘


  (Screenshots)

  -  /tmp/gh-issue-solver-1786623696703/cypress/screenshots/pipeline-mode.cy.js/Pipel     (1280x720)
     ine Mode -- restores selected pipeline files after reload so the pipeline can ru               
     n (failed).png                                                                                 
  -  /tmp/gh-issue-solver-1786623696703/cypress/screenshots/pipeline-mode.cy.js/Pipel     (1280x720)
     ine Mode -- shows a fixed numbered stage navigator that scrolls to pipeline stag               
     es without narrowing cards (failed).png                                                        
  -  /tmp/gh-issue-solver-1786623696703/cypress/screenshots/pipeline-mode.cy.js/Pipel     (1280x720)
     ine Mode -- keeps relative publish dates current when the reference date changes               
      (failed).png                                                                                  


  (Video)

  -  Video output: /tmp/gh-issue-solver-1786623696703/cypress/videos/pipeline-mode.cy.js.mp4


================================================================================

  (Run Finished)


       Spec                                              Tests  Passing  Failing  Pending  Skipped  
  ┌────────────────────────────────────────────────────────────────────────────────────────────────┐
  │ ✖  pipeline-mode.cy.js                      02:39       40       37        3        -        - │
  └────────────────────────────────────────────────────────────────────────────────────────────────┘
    ✖  1 of 1 failed (100%)                     02:39       40       37        3        -        -  

