AudioRecorder.ts:242 [AudioRecorder] Debug visual activated
AudioRecorder.ts:242 [AudioRecorder] Debug visual deactivated
AudioRecorder.ts:242 [AudioRecorder] Debug visual activated
AudioRecorder.ts:242 [AudioRecorder] Debug visual deactivated
AudioRecorder.ts:242 [AudioRecorder] Debug visual activated
AudioRecorder.ts:242 [AudioRecorder] Debug visual deactivated
AudioRecorder.ts:242 [AudioRecorder] Debug visual activated
AudioRecorder.ts:242 [AudioRecorder] Debug visual deactivated
AudioRecorder.ts:242 [AudioRecorder] Debug visual activated
AudioRecorder.ts:242 [AudioRecorder] Debug visual deactivated
AudioRecorder.ts:242 [AudioRecorder] Debug visual activated
AudioRecorder.ts:242 [AudioRecorder] Debug visual deactivated
AudioRecorder.ts:242 [AudioRecorder] Debug visual activated
AudioRecorder.ts:242 [AudioRecorder] Debug visual deactivated
AudioRecorder.ts:242 [AudioRecorder] Debug visual activated
AudioRecorder.ts:242 [AudioRecorder] Debug visual deactivated
AudioRecorder.ts:242 [AudioRecorder] Debug visual activated
AudioRecorder.ts:242 [AudioRecorder] Debug visual deactivated
AudioRecorder.ts:242 [AudioRecorder] Debug visual activated
AudioRecorder.ts:242 [AudioRecorder] Debug visual deactivated
AudioRecorder.ts:242 [AudioRecorder] Debug visual activated
AudioRecorder.ts:242 [AudioRecorder] Debug visual deactivated
AudioRecorder.ts:242 [AudioRecorder] Debug visual activated
AudioRecorder.ts:242 [AudioRecorder] Debug visual deactivated
AudioRecorder.ts:242 [AudioRecorder] Debug visual activated
AudioRecorder.ts:242 [AudioRecorder] Debug visual deactivated
AudioRecorder.ts:242 [AudioRecorder] Debug visual activated
AudioRecorder.ts:242 [AudioRecorder] Debug visual deactivated
AudioRecorder.ts:242 [AudioRecorder] Debug visual activated
AudioRecorder.ts:242 [AudioRecorder] Debug visual deactivated
AudioRecorder.ts:242 [AudioRecorder] Debug visual activated
AudioRecorder.ts:242 [AudioRecorder] Debug visual deactivated
AudioRecorder.ts:242 [AudioRecorder] Debug visual activated
AudioRecorder.ts:242 [AudioRecorder] Debug visual deactivated
AudioRecorder.ts:242 [AudioRecorder] Debug visual activated
AudioRecorder.ts:242 [AudioRecorder] Debug visual deactivated
AudioRecorder.ts:242 [AudioRecorder] Debug visual activated
AudioRecorder.ts:242 [AudioRecorder] Debug visual deactivated
AudioRecorder.ts:242 [AudioRecorder] Debug visual activated
AudioRecorder.ts:242 [AudioRecorder] Debug visual deactivated
AudioRecorder.ts:242 [AudioRecorder] Debug visual activated
AudioRecorder.ts:242 [AudioRecorder] Debug visual deactivated
AudioRecorder.ts:242 [AudioRecorder] Debug visual activated
AudioRecorder.ts:242 [AudioRecorder] Debug visual deactivated
AudioRecorder.ts:242 [AudioRecorder] Debug visual activated
AudioRecorder.ts:242 [AudioRecorder] Debug visual deactivated
AudioRecorder.ts:242 [AudioRecorder] Debug visual activated
AudioRecorder.ts:242 [AudioRecorder] Debug visual deactivated
AudioRecorder.ts:242 [AudioRecorder] Debug visual activated
AudioRecorder.ts:242 [AudioRecorder] Debug visual deactivated
AudioRecorder.ts:242 [AudioRecorder] Debug visual activated
AudioRecorder.ts:242 [AudioRecorder] Debug visual deactivated
AudioRecorder.ts:242 [AudioRecorder] Debug visual activated
AudioRecorder.ts:242 [AudioRecorder] Debug visual deactivated
AudioRecorder.ts:242 [AudioRecorder] Debug visual activated
AudioRecorder.ts:242 [AudioRecorder] Debug visual deactivated
AudioRecorder.ts:242 [AudioRecorder] Debug visual activated
AudioRecorder.ts:242 [AudioRecorder] Debug visual deactivated
AudioRecorder.ts:242 [AudioRecorder] Debug visual activated
AudioRecorder.ts:242 [AudioRecorder] Debug visual deactivated
AudioRecorder.ts:242 [AudioRecorder] Debug visual activated
AudioRecorder.ts:242 [AudioRecorder] Debug visual deactivated
AudioRecorder.ts:242 [AudioRecorder] Debug visual activated
AudioRecorder.ts:242 [AudioRecorder] Debug visual deactivated
AudioRecorder.ts:242 [AudioRecorder] Debug visual activated
AudioRecorder.ts:242 [AudioRecorder] Debug visual deactivated
AudioRecorder.ts:242 [AudioRecorder] Debug visual activated
AudioRecorder.ts:242 [AudioRecorder] Debug visual deactivated
AudioRecorder.ts:242 [AudioRecorder] Debug visual activated
AudioRecorder.ts:242 [AudioRecorder] Debug visual deactivated
AudioRecorder.ts:242 [AudioRecorder] Debug visual activated
AudioRecorder.ts:242 [AudioRecorder] Debug visual deactivated
AudioRecorder.ts:242 [AudioRecorder] Debug visual activated
AudioRecorder.ts:242 [AudioRecorder] Debug visual deactivated
AudioRecorder.ts:242 [AudioRecorder] Debug visual activated
AudioRecorder.ts:242 [AudioRecorder] Debug visual deactivated
AudioRecorder.ts:242 [AudioRecorder] Debug visual activated
AudioRecorder.ts:242 [AudioRecorder] Debug visual deactivated
AudioRecorder.ts:242 [AudioRecorder] Debug visual activated
AudioRecorder.ts:242 [AudioRecorder] Debug visual deactivated
AudioRecorder.ts:242 [AudioRecorder] Debug visual activated
AudioRecorder.ts:242 [AudioRecorder] Debug visual deactivated
AudioRecorder.ts:242 [AudioRecorder] Debug visual activated
AudioRecorder.ts:242 [AudioRecorder] Debug visual deactivated
AudioRecorder.ts:242 [AudioRecorder] Debug visual activated
AudioRecorder.ts:242 [AudioRecorder] Debug visual deactivated
AudioRecorder.ts:242 [AudioRecorder] Debug visual activated
AudioRecorder.ts:242 [AudioRecorder] Debug visual deactivated
AudioRecorder.ts:242 [AudioRecorder] Debug visual activated
AudioRecorder.ts:242 [AudioRecorder] Debug visual deactivated
AudioRecorder.ts:242 [AudioRecorder] Debug visual activated
AudioRecorder.ts:242 [AudioRecorder] Debug visual deactivated
AudioRecorder.ts:242 [AudioRecorder] Debug visual activated
AudioRecorder.ts:242 [AudioRecorder] Debug visual deactivated
AudioRecorder.ts:242 [AudioRecorder] Debug visual activated
AudioRecorder.ts:242 [AudioRecorder] Debug visual deactivated
AudioRecorder.ts:242 [AudioRecorder] Debug visual activated
AudioRecorder.ts:242 [AudioRecorder] Debug visual deactivated
AudioRecorder.ts:242 [AudioRecorder] Debug visual activated
AudioRecorder.ts:242 [AudioRecorder] Debug visual deactivated
AudioRecorder.ts:242 [AudioRecorder] Debug visual activated
AudioRecorder.ts:242 [AudioRecorder] Debug visual deactivated
AudioRecorder.ts:242 [AudioRecorder] Debug visual activated
AudioRecorder.ts:242 [AudioRecorder] Debug visual deactivated
AudioRecorder.ts:242 [AudioRecorder] Debug visual activated
AudioRecorder.ts:242 [AudioRecorder] Debug visual deactivated
AudioRecorder.ts:242 [AudioRecorder] Debug visual activated
AudioRecorder.ts:242 [AudioRecorder] Debug visual deactivated
AudioRecorder.ts:242 [AudioRecorder] Debug visual activated
AudioRecorder.ts:242 [AudioRecorder] Debug visual deactivated
AudioRecorder.ts:242 [AudioRecorder] Debug visual activated
AudioRecorder.ts:242 [AudioRecorder] Debug visual deactivated
AudioRecorder.ts:242 [AudioRecorder] Debug visual activated
AudioRecorder.ts:242 [AudioRecorder] Debug visual deactivated
AudioAnalyzer.ts:55 [AudioAnalyzer] Disconnected source
AudioAnalyzer.ts:55 [AudioAnalyzer] Disconnected source
AudioAnalyzer.ts:55 [AudioAnalyzer] Connected audio graph without enhancement
AudioAnalyzer.ts:55 [AudioAnalyzer] Connected AudioElement source
AudioRecorder.ts:242 [AudioRecorder] Connected audio file
AudioRecorder.ts:242 [AudioRecorder] Debug visual activated
AudioRecorder.ts:242 [AudioRecorder] Debug visual deactivated
AudioRecorder.ts:242 [AudioRecorder] Debug visual activated
AudioRecorder.ts:242 [AudioRecorder] Debug visual deactivated
AudioRecorder.ts:242 [AudioRecorder] Debug visual activated
AudioRecorder.ts:242 [AudioRecorder] Debug visual deactivated
AudioRecorder.ts:242 [AudioRecorder] Debug visual activated
AudioRecorder.ts:242 [AudioRecorder] Debug visual deactivated
AudioRecorder.ts:242 [AudioRecorder] Debug visual activated
AudioRecorder.ts:242 [AudioRecorder] Debug visual deactivated
AudioRecorder.ts:242 [AudioRecorder] Debug visual activated
AudioRecorder.ts:242 [AudioRecorder] Debug visual deactivated
AudioRecorder.ts:242 [AudioRecorder] Debug visual activated
AudioRecorder.ts:242 [AudioRecorder] Debug visual deactivated
AudioRecorder.ts:242 [AudioRecorder] Debug visual activated
AudioRecorder.ts:242 [AudioRecorder] Debug visual deactivated
AudioRecorder.ts:242 [AudioRecorder] Debug visual activated
AudioRecorder.ts:242 [AudioRecorder] Debug visual deactivated
AudioRecorder.ts:242 [AudioRecorder] Debug visual activated
AudioRecorder.ts:242 [AudioRecorder] Debug visual deactivated
AudioRecorder.ts:242 [AudioRecorder] Debug visual activated
AudioRecorder.ts:242 [AudioRecorder] Debug visual deactivated
AudioRecorder.ts:242 [AudioRecorder] Debug visual activated
AudioRecorder.ts:242 [AudioRecorder] Debug visual deactivated
AudioRecorder.ts:242 [AudioRecorder] Debug visual activated
AudioRecorder.ts:242 [AudioRecorder] Debug visual deactivated
AudioAnalyzer.ts:55 [AudioAnalyzer] Disconnected source
AudioAnalyzer.ts:55 [AudioAnalyzer] Disconnected source
AudioAnalyzer.ts:55 [AudioAnalyzer] Connected audio graph without enhancement
AudioAnalyzer.ts:55 [AudioAnalyzer] Connected AudioElement source
AudioRecorder.ts:242 [AudioRecorder] Connected audio file
AudioAnalyzer.ts:55 [AudioAnalyzer] Disconnected source
AudioAnalyzer.ts:55 [AudioAnalyzer] Disconnected source
AudioAnalyzer.ts:55 [AudioAnalyzer] Connected audio graph without enhancement
AudioAnalyzer.ts:55 [AudioAnalyzer] Connected AudioElement source
AudioRecorder.ts:242 [AudioRecorder] Connected audio file
AudioRecorder.ts:242 [AudioRecorder] Debug visual activated
AudioRecorder.ts:242 [AudioRecorder] Debug visual deactivated
AudioRecorder.ts:242 [AudioRecorder] Debug visual activated
AudioRecorder.ts:242 [AudioRecorder] Debug visual deactivated
AudioRecorder.ts:242 [AudioRecorder] Debug visual activated
AudioRecorder.ts:242 [AudioRecorder] Debug visual deactivated
AudioRecorder.ts:242 [AudioRecorder] Debug visual activated
AudioRecorder.ts:242 [AudioRecorder] Debug visual deactivated
AudioRecorder.ts:242 [AudioRecorder] Debug visual activated
AudioRecorder.ts:242 [AudioRecorder] Debug visual deactivated
AudioRecorder.ts:242 [AudioRecorder] Debug visual activated
AudioRecorder.ts:242 [AudioRecorder] Debug visual deactivated
AudioRecorder.ts:242 [AudioRecorder] Debug visual activated
AudioRecorder.ts:242 [AudioRecorder] Debug visual deactivated
AudioRecorder.ts:242 [AudioRecorder] Debug visual activated
AudioRecorder.ts:242 [AudioRecorder] Debug visual deactivated
AudioRecorder.ts:242 [AudioRecorder] Debug visual activated
AudioRecorder.ts:242 [AudioRecorder] Debug visual deactivated
AudioRecorder.ts:242 [AudioRecorder] Debug visual activated
AudioRecorder.ts:242 [AudioRecorder] Debug visual deactivated
AudioRecorder.ts:242 [AudioRecorder] Debug visual activated
AudioRecorder.ts:242 [AudioRecorder] Debug visual deactivated
AudioRecorder.ts:242 [AudioRecorder] Debug visual activated
AudioRecorder.ts:242 [AudioRecorder] Debug visual deactivated
AudioRecorder.ts:242 [AudioRecorder] Debug visual activated
AudioRecorder.ts:242 [AudioRecorder] Debug visual deactivated
AudioRecorder.ts:242 [AudioRecorder] Debug visual activated
AudioRecorder.ts:242 [AudioRecorder] Debug visual deactivated
app-core.js:317 Failed to save presets: QuotaExceededError: Failed to execute 'setItem' on 'Storage': Setting the value of 'audio-recorder-presets' exceeded the quota.
    at savePresets (app-core.js:314:20)
    at savePreset (app-core.js:1775:5)
    at HTMLButtonElement.<anonymous> (app-core.js:1834:13)
savePresets @ app-core.js:317
AudioRecorder.ts:242 [AudioRecorder] Page hidden, switching to timer-based visualization
AudioRecorder.ts:242 [AudioRecorder] Started timer fallback visualization with polling interval: 16
AudioRecorder.ts:242 [AudioRecorder] Page visible, switching to requestAnimationFrame
AudioRecorder.ts:242 [AudioRecorder] Stopped timer fallback visualization
AudioRecorder.ts:242 [AudioRecorder] Started visualization
AudioRecorder.ts:242 [AudioRecorder] Page hidden, switching to timer-based visualization
AudioRecorder.ts:242 [AudioRecorder] Started timer fallback visualization with polling interval: 16
AudioRecorder.ts:242 [AudioRecorder] Page visible, switching to requestAnimationFrame
AudioRecorder.ts:242 [AudioRecorder] Stopped timer fallback visualization
AudioRecorder.ts:242 [AudioRecorder] Started visualization
AudioRecorder.ts:242 [AudioRecorder] Page hidden, switching to timer-based visualization
AudioRecorder.ts:242 [AudioRecorder] Started timer fallback visualization with polling interval: 16
AudioRecorder.ts:242 [AudioRecorder] Page visible, switching to requestAnimationFrame
AudioRecorder.ts:242 [AudioRecorder] Stopped timer fallback visualization
AudioRecorder.ts:242 [AudioRecorder] Started visualization
AudioRecorder.ts:242 [AudioRecorder] Page hidden, switching to timer-based visualization
AudioRecorder.ts:242 [AudioRecorder] Started timer fallback visualization with polling interval: 16
AudioRecorder.ts:242 [AudioRecorder] Page visible, switching to requestAnimationFrame
AudioRecorder.ts:242 [AudioRecorder] Stopped timer fallback visualization
AudioRecorder.ts:242 [AudioRecorder] Started visualization
AudioRecorder.ts:242 [AudioRecorder] Page hidden, switching to timer-based visualization
AudioRecorder.ts:242 [AudioRecorder] Started timer fallback visualization with polling interval: 16
AudioRecorder.ts:242 [AudioRecorder] Page visible, switching to requestAnimationFrame
AudioRecorder.ts:242 [AudioRecorder] Stopped timer fallback visualization
AudioRecorder.ts:242 [AudioRecorder] Started visualization
pipeline.js:805 Failed to save pipeline thumbnails; retrying without thumbnails: QuotaExceededError: Failed to execute 'setItem' on 'Storage': Setting the value of 'audio-recorder-pipelines' exceeded the quota.
    at saveSavedPipelines (pipeline.js:803:20)
    at HTMLButtonElement.saveCurrentPipeline (pipeline.js:4247:5)
saveSavedPipelines @ pipeline.js:805
pipeline.js:810 Uncaught (in promise) QuotaExceededError: Failed to execute 'setItem' on 'Storage': Setting the value of 'audio-recorder-pipelines' exceeded the quota.
    at saveSavedPipelines (pipeline.js:810:20)
    at HTMLButtonElement.saveCurrentPipeline (pipeline.js:4247:5)
pipeline.js:805 Failed to save pipeline thumbnails; retrying without thumbnails: QuotaExceededError: Failed to execute 'setItem' on 'Storage': Setting the value of 'audio-recorder-pipelines' exceeded the quota.
    at saveSavedPipelines (pipeline.js:803:20)
    at HTMLButtonElement.saveCurrentPipeline (pipeline.js:4247:5)
saveSavedPipelines @ pipeline.js:805
pipeline.js:810 Uncaught (in promise) QuotaExceededError: Failed to execute 'setItem' on 'Storage': Setting the value of 'audio-recorder-pipelines' exceeded the quota.
    at saveSavedPipelines (pipeline.js:810:20)
    at HTMLButtonElement.saveCurrentPipeline (pipeline.js:4247:5)
pipeline.js:805 Failed to save pipeline thumbnails; retrying without thumbnails: QuotaExceededError: Failed to execute 'setItem' on 'Storage': Setting the value of 'audio-recorder-pipelines' exceeded the quota.
    at saveSavedPipelines (pipeline.js:803:20)
    at HTMLButtonElement.saveCurrentPipeline (pipeline.js:4247:5)
saveSavedPipelines @ pipeline.js:805
pipeline.js:810 Uncaught (in promise) QuotaExceededError: Failed to execute 'setItem' on 'Storage': Setting the value of 'audio-recorder-pipelines' exceeded the quota.
    at saveSavedPipelines (pipeline.js:810:20)
    at HTMLButtonElement.saveCurrentPipeline (pipeline.js:4247:5)
pipeline.js:805 Failed to save pipeline thumbnails; retrying without thumbnails: QuotaExceededError: Failed to execute 'setItem' on 'Storage': Setting the value of 'audio-recorder-pipelines' exceeded the quota.
    at saveSavedPipelines (pipeline.js:803:20)
    at HTMLButtonElement.saveCurrentPipeline (pipeline.js:4247:5)
saveSavedPipelines @ pipeline.js:805
pipeline.js:810 Uncaught (in promise) QuotaExceededError: Failed to execute 'setItem' on 'Storage': Setting the value of 'audio-recorder-pipelines' exceeded the quota.
    at saveSavedPipelines (pipeline.js:810:20)
    at HTMLButtonElement.saveCurrentPipeline (pipeline.js:4247:5)
pipeline.js:805 Failed to save pipeline thumbnails; retrying without thumbnails: QuotaExceededError: Failed to execute 'setItem' on 'Storage': Setting the value of 'audio-recorder-pipelines' exceeded the quota.
    at saveSavedPipelines (pipeline.js:803:20)
    at HTMLButtonElement.saveCurrentPipeline (pipeline.js:4247:5)
saveSavedPipelines @ pipeline.js:805
pipeline.js:810 Uncaught (in promise) QuotaExceededError: Failed to execute 'setItem' on 'Storage': Setting the value of 'audio-recorder-pipelines' exceeded the quota.
    at saveSavedPipelines (pipeline.js:810:20)
    at HTMLButtonElement.saveCurrentPipeline (pipeline.js:4247:5)
pipeline.js:805 Failed to save pipeline thumbnails; retrying without thumbnails: QuotaExceededError: Failed to execute 'setItem' on 'Storage': Setting the value of 'audio-recorder-pipelines' exceeded the quota.
    at saveSavedPipelines (pipeline.js:803:20)
    at HTMLButtonElement.saveCurrentPipeline (pipeline.js:4247:5)
saveSavedPipelines @ pipeline.js:805
pipeline.js:810 Uncaught (in promise) QuotaExceededError: Failed to execute 'setItem' on 'Storage': Setting the value of 'audio-recorder-pipelines' exceeded the quota.
    at saveSavedPipelines (pipeline.js:810:20)
    at HTMLButtonElement.saveCurrentPipeline (pipeline.js:4247:5)
youtube-upload.js:285 [YouTube channel defaults] refreshYouTubeChannelDefaults called Object
youtube-upload.js:297 [YouTube channel defaults] Calling channels.list?part=brandingSettings&mine=true
youtube-upload.js:428 [YouTube playlists] refreshYouTubePlaylists called Object
youtube-upload.js:440 [YouTube playlists] Calling playlists.list?mine=true
youtube-upload.js:300 [YouTube channel defaults] API response received Object
youtube-upload.js:443 [YouTube playlists] API response received Object
youtube-upload.js:428 [YouTube playlists] refreshYouTubePlaylists called Object
youtube-upload.js:440 [YouTube playlists] Calling playlists.list?mine=true
youtube-upload.js:443 [YouTube playlists] API response received Object
pipeline.js:805 Failed to save pipeline thumbnails; retrying without thumbnails: QuotaExceededError: Failed to execute 'setItem' on 'Storage': Setting the value of 'audio-recorder-pipelines' exceeded the quota.
    at saveSavedPipelines (pipeline.js:803:20)
    at deleteSavedPipeline (pipeline.js:4331:5)
    at HTMLButtonElement.<anonymous> (pipeline.js:4645:5)
saveSavedPipelines @ pipeline.js:805
pipeline.js:810 Uncaught QuotaExceededError: Failed to execute 'setItem' on 'Storage': Setting the value of 'audio-recorder-pipelines' exceeded the quota.
    at saveSavedPipelines (pipeline.js:810:20)
    at deleteSavedPipeline (pipeline.js:4331:5)
    at HTMLButtonElement.<anonymous> (pipeline.js:4645:5)
pipeline.js:805 Failed to save pipeline thumbnails; retrying without thumbnails: QuotaExceededError: Failed to execute 'setItem' on 'Storage': Setting the value of 'audio-recorder-pipelines' exceeded the quota.
    at saveSavedPipelines (pipeline.js:803:20)
    at HTMLButtonElement.saveCurrentPipeline (pipeline.js:4247:5)
saveSavedPipelines @ pipeline.js:805
pipeline.js:810 Uncaught (in promise) QuotaExceededError: Failed to execute 'setItem' on 'Storage': Setting the value of 'audio-recorder-pipelines' exceeded the quota.
    at saveSavedPipelines (pipeline.js:810:20)
    at HTMLButtonElement.saveCurrentPipeline (pipeline.js:4247:5)
pipeline.js:805 Failed to save pipeline thumbnails; retrying without thumbnails: QuotaExceededError: Failed to execute 'setItem' on 'Storage': Setting the value of 'audio-recorder-pipelines' exceeded the quota.
    at saveSavedPipelines (pipeline.js:803:20)
    at deleteSavedPipeline (pipeline.js:4331:5)
    at HTMLButtonElement.<anonymous> (pipeline.js:4645:5)
saveSavedPipelines @ pipeline.js:805
pipeline.js:810 Uncaught QuotaExceededError: Failed to execute 'setItem' on 'Storage': Setting the value of 'audio-recorder-pipelines' exceeded the quota.
    at saveSavedPipelines (pipeline.js:810:20)
    at deleteSavedPipeline (pipeline.js:4331:5)
    at HTMLButtonElement.<anonymous> (pipeline.js:4645:5)
AudioRecorder.ts:242 [AudioRecorder] Page hidden, switching to timer-based visualization
AudioRecorder.ts:242 [AudioRecorder] Started timer fallback visualization with polling interval: 16
AudioRecorder.ts:242 [AudioRecorder] Page visible, switching to requestAnimationFrame
AudioRecorder.ts:242 [AudioRecorder] Stopped timer fallback visualization
AudioRecorder.ts:242 [AudioRecorder] Started visualization
pipeline.js:805 Failed to save pipeline thumbnails; retrying without thumbnails: QuotaExceededError: Failed to execute 'setItem' on 'Storage': Setting the value of 'audio-recorder-pipelines' exceeded the quota.
    at saveSavedPipelines (pipeline.js:803:20)
    at HTMLButtonElement.saveCurrentPipeline (pipeline.js:4247:5)
saveSavedPipelines @ pipeline.js:805
pipeline.js:810 Uncaught (in promise) QuotaExceededError: Failed to execute 'setItem' on 'Storage': Setting the value of 'audio-recorder-pipelines' exceeded the quota.
    at saveSavedPipelines (pipeline.js:810:20)
    at HTMLButtonElement.saveCurrentPipeline (pipeline.js:4247:5)
AudioRecorder.ts:242 [AudioRecorder] Page hidden, switching to timer-based visualization
AudioRecorder.ts:242 [AudioRecorder] Started timer fallback visualization with polling interval: 16
AudioRecorder.ts:242 [AudioRecorder] Page visible, switching to requestAnimationFrame
AudioRecorder.ts:242 [AudioRecorder] Stopped timer fallback visualization
AudioRecorder.ts:242 [AudioRecorder] Started visualization
AudioRecorder.ts:242 [AudioRecorder] Page hidden, switching to timer-based visualization
AudioRecorder.ts:242 [AudioRecorder] Started timer fallback visualization with polling interval: 16
AudioRecorder.ts:242 [AudioRecorder] Page visible, switching to requestAnimationFrame
AudioRecorder.ts:242 [AudioRecorder] Stopped timer fallback visualization
AudioRecorder.ts:242 [AudioRecorder] Started visualization
AudioRecorder.ts:242 [AudioRecorder] Page hidden, switching to timer-based visualization
AudioRecorder.ts:242 [AudioRecorder] Started timer fallback visualization with polling interval: 16
AudioRecorder.ts:242 [AudioRecorder] Page visible, switching to requestAnimationFrame
AudioRecorder.ts:242 [AudioRecorder] Stopped timer fallback visualization
AudioRecorder.ts:242 [AudioRecorder] Started visualization
AudioRecorder.ts:242 [AudioRecorder] Stopped visualization
AudioToVideoConverter.ts:78 [AudioToVideoConverter] Testing MP4 encoder support at 1920 x 1080 ...
AudioToVideoConverter.ts:78 [AudioToVideoConverter] Audio duration: 221.715351 seconds
AudioAnalyzer.ts:55 [AudioAnalyzer] Disconnected source
AudioAnalyzer.ts:55 [AudioAnalyzer] Created AudioContext, sample rate: 44100
AudioAnalyzer.ts:55 [AudioAnalyzer] Created AnalyserNode, fftSize: 2048 frequencyBinCount: 1024
AudioAnalyzer.ts:55 [AudioAnalyzer] Connected audio graph without enhancement
AudioAnalyzer.ts:55 [AudioAnalyzer] Connected AudioElement source
VideoRecorder.ts:28 [VideoRecorder] Got canvas stream at 30 fps
VideoRecorder.ts:28 [VideoRecorder] Added 1 audio tracks
VideoRecorder.ts:28 [VideoRecorder] Started recording with mimeType: video/mp4;codecs=avc1.42E01E,mp4a.40.2
AudioToVideoConverter.ts:78 [AudioToVideoConverter] Started playback and recording
VideoRecorder.ts:28 [VideoRecorder] Received chunk: 1225 bytes
VideoRecorder.ts:28 [VideoRecorder] Received chunk: 2226215 bytes
VideoRecorder.ts:28 [VideoRecorder] Received chunk: 1336444 bytes
VideoRecorder.ts:28 [VideoRecorder] Received chunk: 1348512 bytes
VideoRecorder.ts:28 [VideoRecorder] Received chunk: 1338921 bytes
VideoRecorder.ts:28 [VideoRecorder] Received chunk: 1382965 bytes
VideoRecorder.ts:28 [VideoRecorder] Received chunk: 1306139 bytes
VideoRecorder.ts:28 [VideoRecorder] Received chunk: 1363006 bytes
VideoRecorder.ts:28 [VideoRecorder] Received chunk: 1018830 bytes
VideoRecorder.ts:28 [VideoRecorder] Received chunk: 1319730 bytes
VideoRecorder.ts:28 [VideoRecorder] Received chunk: 1306584 bytes
VideoRecorder.ts:28 [VideoRecorder] Received chunk: 1294350 bytes
VideoRecorder.ts:28 [VideoRecorder] Received chunk: 1288722 bytes
VideoRecorder.ts:28 [VideoRecorder] Received chunk: 1378876 bytes
VideoRecorder.ts:28 [VideoRecorder] Received chunk: 1397502 bytes
VideoRecorder.ts:28 [VideoRecorder] Received chunk: 1463207 bytes
VideoRecorder.ts:28 [VideoRecorder] Received chunk: 1392152 bytes
VideoRecorder.ts:28 [VideoRecorder] Received chunk: 1429626 bytes
VideoRecorder.ts:28 [VideoRecorder] Received chunk: 1443322 bytes
VideoRecorder.ts:28 [VideoRecorder] Received chunk: 1429191 bytes
VideoRecorder.ts:28 [VideoRecorder] Received chunk: 1407487 bytes
VideoRecorder.ts:28 [VideoRecorder] Received chunk: 1528728 bytes
VideoRecorder.ts:28 [VideoRecorder] Received chunk: 1437143 bytes
VideoRecorder.ts:28 [VideoRecorder] Received chunk: 1182728 bytes
VideoRecorder.ts:28 [VideoRecorder] Received chunk: 1542488 bytes
VideoRecorder.ts:28 [VideoRecorder] Received chunk: 1575587 bytes
VideoRecorder.ts:28 [VideoRecorder] Received chunk: 1464915 bytes
VideoRecorder.ts:28 [VideoRecorder] Received chunk: 1527590 bytes
VideoRecorder.ts:28 [VideoRecorder] Received chunk: 1496651 bytes
VideoRecorder.ts:28 [VideoRecorder] Received chunk: 1488500 bytes
VideoRecorder.ts:28 [VideoRecorder] Received chunk: 1502530 bytes
VideoRecorder.ts:28 [VideoRecorder] Received chunk: 1411271 bytes
VideoRecorder.ts:28 [VideoRecorder] Received chunk: 1442053 bytes
VideoRecorder.ts:28 [VideoRecorder] Received chunk: 1423650 bytes
VideoRecorder.ts:28 [VideoRecorder] Received chunk: 1382058 bytes
VideoRecorder.ts:28 [VideoRecorder] Received chunk: 1492833 bytes
VideoRecorder.ts:28 [VideoRecorder] Received chunk: 1424978 bytes
VideoRecorder.ts:28 [VideoRecorder] Received chunk: 1397431 bytes
VideoRecorder.ts:28 [VideoRecorder] Received chunk: 1441912 bytes
VideoRecorder.ts:28 [VideoRecorder] Received chunk: 1435717 bytes
VideoRecorder.ts:28 [VideoRecorder] Received chunk: 1454815 bytes
VideoRecorder.ts:28 [VideoRecorder] Received chunk: 1408977 bytes
VideoRecorder.ts:28 [VideoRecorder] Received chunk: 1422528 bytes
VideoRecorder.ts:28 [VideoRecorder] Received chunk: 1429374 bytes
VideoRecorder.ts:28 [VideoRecorder] Received chunk: 1437082 bytes
VideoRecorder.ts:28 [VideoRecorder] Received chunk: 1440992 bytes
VideoRecorder.ts:28 [VideoRecorder] Received chunk: 1405375 bytes
VideoRecorder.ts:28 [VideoRecorder] Received chunk: 1394831 bytes
VideoRecorder.ts:28 [VideoRecorder] Received chunk: 462955 bytes
AudioToVideoConverter.ts:78 [AudioToVideoConverter] Audio playback ended after 4985 frames
VideoRecorder.ts:28 [VideoRecorder] Received chunk: 109888 bytes
VideoRecorder.ts:28 [VideoRecorder] Recording stopped, total size: 67438586 bytes
AudioAnalyzer.ts:55 [AudioAnalyzer] Disconnected source
AudioAnalyzer.ts:55 [AudioAnalyzer] Closed AudioContext
AudioToVideoConverter.ts:78 [AudioToVideoConverter] Conversion complete, blob size: 67438586 bytes
AudioToVideoConverter.ts:78 [AudioToVideoConverter] Using cached MP4 encoder support at 1920 x 1080
AudioToVideoConverter.ts:78 [AudioToVideoConverter] Audio duration: 109.333333 seconds
AudioAnalyzer.ts:55 [AudioAnalyzer] Disconnected source
AudioAnalyzer.ts:55 [AudioAnalyzer] Created AudioContext, sample rate: 44100
AudioAnalyzer.ts:55 [AudioAnalyzer] Created AnalyserNode, fftSize: 2048 frequencyBinCount: 1024
AudioAnalyzer.ts:55 [AudioAnalyzer] Connected audio graph without enhancement
AudioAnalyzer.ts:55 [AudioAnalyzer] Connected AudioElement source
VideoRecorder.ts:28 [VideoRecorder] Got canvas stream at 30 fps
VideoRecorder.ts:28 [VideoRecorder] Added 1 audio tracks
VideoRecorder.ts:28 [VideoRecorder] Started recording with mimeType: video/mp4;codecs=avc1.42E01E,mp4a.40.2
AudioToVideoConverter.ts:78 [AudioToVideoConverter] Started playback and recording
VideoRecorder.ts:28 [VideoRecorder] Received chunk: 1225 bytes
VideoRecorder.ts:28 [VideoRecorder] Received chunk: 2682111 bytes
VideoRecorder.ts:28 [VideoRecorder] Received chunk: 1338400 bytes
VideoRecorder.ts:28 [VideoRecorder] Received chunk: 1386069 bytes
VideoRecorder.ts:28 [VideoRecorder] Received chunk: 1378948 bytes
VideoRecorder.ts:28 [VideoRecorder] Received chunk: 1351932 bytes
VideoRecorder.ts:28 [VideoRecorder] Received chunk: 1392517 bytes
VideoRecorder.ts:28 [VideoRecorder] Received chunk: 1382701 bytes
VideoRecorder.ts:28 [VideoRecorder] Received chunk: 1364013 bytes
VideoRecorder.ts:28 [VideoRecorder] Received chunk: 1337993 bytes
VideoRecorder.ts:28 [VideoRecorder] Received chunk: 1391998 bytes
VideoRecorder.ts:28 [VideoRecorder] Received chunk: 1393977 bytes
VideoRecorder.ts:28 [VideoRecorder] Received chunk: 1394840 bytes
VideoRecorder.ts:28 [VideoRecorder] Received chunk: 1413472 bytes
VideoRecorder.ts:28 [VideoRecorder] Received chunk: 1124109 bytes
VideoRecorder.ts:28 [VideoRecorder] Received chunk: 407900 bytes
VideoRecorder.ts:28 [VideoRecorder] Received chunk: 403081 bytes
VideoRecorder.ts:28 [VideoRecorder] Received chunk: 206905 bytes
VideoRecorder.ts:28 [VideoRecorder] Received chunk: 555283 bytes
VideoRecorder.ts:28 [VideoRecorder] Received chunk: 206001 bytes
VideoRecorder.ts:28 [VideoRecorder] Received chunk: 430950 bytes
VideoRecorder.ts:28 [VideoRecorder] Received chunk: 200444 bytes
VideoRecorder.ts:28 [VideoRecorder] Received chunk: 205676 bytes
VideoRecorder.ts:28 [VideoRecorder] Received chunk: 588009 bytes
VideoRecorder.ts:28 [VideoRecorder] Received chunk: 202914 bytes
AudioToVideoConverter.ts:78 [AudioToVideoConverter] Audio playback ended after 2577 frames
VideoRecorder.ts:28 [VideoRecorder] Received chunk: 130270 bytes
VideoRecorder.ts:28 [VideoRecorder] Recording stopped, total size: 23871738 bytes
AudioAnalyzer.ts:55 [AudioAnalyzer] Disconnected source
AudioAnalyzer.ts:55 [AudioAnalyzer] Closed AudioContext
AudioToVideoConverter.ts:78 [AudioToVideoConverter] Conversion complete, blob size: 23871738 bytes
AudioToVideoConverter.ts:78 [AudioToVideoConverter] Using cached MP4 encoder support at 1920 x 1080
AudioToVideoConverter.ts:78 [AudioToVideoConverter] Audio duration: 98.704739 seconds
AudioAnalyzer.ts:55 [AudioAnalyzer] Disconnected source
AudioAnalyzer.ts:55 [AudioAnalyzer] Created AudioContext, sample rate: 44100
AudioAnalyzer.ts:55 [AudioAnalyzer] Created AnalyserNode, fftSize: 2048 frequencyBinCount: 1024
AudioAnalyzer.ts:55 [AudioAnalyzer] Connected audio graph without enhancement
AudioAnalyzer.ts:55 [AudioAnalyzer] Connected AudioElement source
VideoRecorder.ts:28 [VideoRecorder] Got canvas stream at 30 fps
VideoRecorder.ts:28 [VideoRecorder] Added 1 audio tracks
VideoRecorder.ts:28 [VideoRecorder] Started recording with mimeType: video/mp4;codecs=avc1.42E01E,mp4a.40.2
AudioToVideoConverter.ts:78 [AudioToVideoConverter] Started playback and recording
VideoRecorder.ts:28 [VideoRecorder] Received chunk: 1225 bytes
VideoRecorder.ts:28 [VideoRecorder] Received chunk: 409833 bytes
VideoRecorder.ts:28 [VideoRecorder] Received chunk: 217937 bytes
VideoRecorder.ts:28 [VideoRecorder] Received chunk: 236916 bytes
VideoRecorder.ts:28 [VideoRecorder] Received chunk: 239330 bytes
VideoRecorder.ts:28 [VideoRecorder] Received chunk: 233761 bytes
VideoRecorder.ts:28 [VideoRecorder] Received chunk: 236355 bytes
VideoRecorder.ts:28 [VideoRecorder] Received chunk: 280229 bytes
VideoRecorder.ts:28 [VideoRecorder] Received chunk: 236442 bytes
VideoRecorder.ts:28 [VideoRecorder] Received chunk: 232251 bytes
VideoRecorder.ts:28 [VideoRecorder] Received chunk: 233552 bytes
VideoRecorder.ts:28 [VideoRecorder] Received chunk: 231627 bytes
VideoRecorder.ts:28 [VideoRecorder] Received chunk: 223197 bytes
VideoRecorder.ts:28 [VideoRecorder] Received chunk: 225789 bytes
VideoRecorder.ts:28 [VideoRecorder] Received chunk: 221323 bytes
VideoRecorder.ts:28 [VideoRecorder] Received chunk: 254279 bytes
VideoRecorder.ts:28 [VideoRecorder] Received chunk: 262668 bytes
VideoRecorder.ts:28 [VideoRecorder] Received chunk: 286952 bytes
VideoRecorder.ts:28 [VideoRecorder] Received chunk: 251345 bytes
VideoRecorder.ts:28 [VideoRecorder] Received chunk: 264163 bytes
VideoRecorder.ts:28 [VideoRecorder] Received chunk: 255428 bytes
AudioToVideoConverter.ts:78 [AudioToVideoConverter] Audio playback ended after 2334 frames
VideoRecorder.ts:28 [VideoRecorder] Received chunk: 248468 bytes
VideoRecorder.ts:28 [VideoRecorder] Recording stopped, total size: 5283070 bytes
AudioAnalyzer.ts:55 [AudioAnalyzer] Disconnected source
AudioAnalyzer.ts:55 [AudioAnalyzer] Closed AudioContext
AudioToVideoConverter.ts:78 [AudioToVideoConverter] Conversion complete, blob size: 5283070 bytes
AudioToVideoConverter.ts:78 [AudioToVideoConverter] Using cached MP4 encoder support at 1920 x 1080
AudioToVideoConverter.ts:78 [AudioToVideoConverter] Audio duration: 80.923084 seconds
AudioAnalyzer.ts:55 [AudioAnalyzer] Disconnected source
AudioAnalyzer.ts:55 [AudioAnalyzer] Created AudioContext, sample rate: 44100
AudioAnalyzer.ts:55 [AudioAnalyzer] Created AnalyserNode, fftSize: 2048 frequencyBinCount: 1024
AudioAnalyzer.ts:55 [AudioAnalyzer] Connected audio graph without enhancement
AudioAnalyzer.ts:55 [AudioAnalyzer] Connected AudioElement source
VideoRecorder.ts:28 [VideoRecorder] Got canvas stream at 30 fps
VideoRecorder.ts:28 [VideoRecorder] Added 1 audio tracks
VideoRecorder.ts:28 [VideoRecorder] Started recording with mimeType: video/mp4;codecs=avc1.42E01E,mp4a.40.2
AudioToVideoConverter.ts:78 [AudioToVideoConverter] Started playback and recording
VideoRecorder.ts:28 [VideoRecorder] Received chunk: 1225 bytes
VideoRecorder.ts:28 [VideoRecorder] Received chunk: 1969047 bytes
VideoRecorder.ts:28 [VideoRecorder] Received chunk: 1360186 bytes
VideoRecorder.ts:28 [VideoRecorder] Received chunk: 975363 bytes
VideoRecorder.ts:28 [VideoRecorder] Received chunk: 657093 bytes
VideoRecorder.ts:28 [VideoRecorder] Received chunk: 317390 bytes
VideoRecorder.ts:28 [VideoRecorder] Received chunk: 1366268 bytes
VideoRecorder.ts:28 [VideoRecorder] Received chunk: 1179132 bytes
VideoRecorder.ts:28 [VideoRecorder] Received chunk: 216691 bytes
VideoRecorder.ts:28 [VideoRecorder] Received chunk: 900661 bytes
VideoRecorder.ts:28 [VideoRecorder] Received chunk: 1206038 bytes
VideoRecorder.ts:28 [VideoRecorder] Received chunk: 1271662 bytes
VideoRecorder.ts:28 [VideoRecorder] Received chunk: 1326057 bytes
VideoRecorder.ts:28 [VideoRecorder] Received chunk: 1322157 bytes
VideoRecorder.ts:28 [VideoRecorder] Received chunk: 752553 bytes
VideoRecorder.ts:28 [VideoRecorder] Received chunk: 218048 bytes
VideoRecorder.ts:28 [VideoRecorder] Received chunk: 1044929 bytes
VideoRecorder.ts:28 [VideoRecorder] Received chunk: 1489735 bytes
AudioToVideoConverter.ts:78 [AudioToVideoConverter] Audio playback ended after 1882 frames
VideoRecorder.ts:28 [VideoRecorder] Received chunk: 375072 bytes
VideoRecorder.ts:28 [VideoRecorder] Recording stopped, total size: 17949307 bytes
AudioAnalyzer.ts:55 [AudioAnalyzer] Disconnected source
AudioAnalyzer.ts:55 [AudioAnalyzer] Closed AudioContext
AudioToVideoConverter.ts:78 [AudioToVideoConverter] Conversion complete, blob size: 17949307 bytes
AudioToVideoConverter.ts:78 [AudioToVideoConverter] Using cached MP4 encoder support at 1920 x 1080
AudioToVideoConverter.ts:78 [AudioToVideoConverter] Audio duration: 69.734943 seconds
AudioAnalyzer.ts:55 [AudioAnalyzer] Disconnected source
AudioAnalyzer.ts:55 [AudioAnalyzer] Created AudioContext, sample rate: 44100
AudioAnalyzer.ts:55 [AudioAnalyzer] Created AnalyserNode, fftSize: 2048 frequencyBinCount: 1024
AudioAnalyzer.ts:55 [AudioAnalyzer] Connected audio graph without enhancement
AudioAnalyzer.ts:55 [AudioAnalyzer] Connected AudioElement source
VideoRecorder.ts:28 [VideoRecorder] Got canvas stream at 30 fps
VideoRecorder.ts:28 [VideoRecorder] Added 1 audio tracks
VideoRecorder.ts:28 [VideoRecorder] Started recording with mimeType: video/mp4;codecs=avc1.42E01E,mp4a.40.2
AudioToVideoConverter.ts:78 [AudioToVideoConverter] Started playback and recording
VideoRecorder.ts:28 [VideoRecorder] Received chunk: 1225 bytes
VideoRecorder.ts:28 [VideoRecorder] Received chunk: 1759959 bytes
VideoRecorder.ts:28 [VideoRecorder] Received chunk: 1293704 bytes
VideoRecorder.ts:28 [VideoRecorder] Received chunk: 1082895 bytes
VideoRecorder.ts:28 [VideoRecorder] Received chunk: 1343423 bytes
VideoRecorder.ts:28 [VideoRecorder] Received chunk: 505222 bytes
VideoRecorder.ts:28 [VideoRecorder] Received chunk: 317068 bytes
VideoRecorder.ts:28 [VideoRecorder] Received chunk: 308334 bytes
VideoRecorder.ts:28 [VideoRecorder] Received chunk: 301112 bytes
VideoRecorder.ts:28 [VideoRecorder] Received chunk: 486015 bytes
VideoRecorder.ts:28 [VideoRecorder] Received chunk: 287049 bytes
VideoRecorder.ts:28 [VideoRecorder] Received chunk: 944485 bytes
VideoRecorder.ts:28 [VideoRecorder] Received chunk: 1420392 bytes
VideoRecorder.ts:28 [VideoRecorder] Received chunk: 1465822 bytes
VideoRecorder.ts:28 [VideoRecorder] Received chunk: 1175942 bytes
AudioToVideoConverter.ts:78 [AudioToVideoConverter] Audio playback ended after 1597 frames
VideoRecorder.ts:28 [VideoRecorder] Received chunk: 896881 bytes
VideoRecorder.ts:28 [VideoRecorder] Recording stopped, total size: 13589528 bytes
AudioAnalyzer.ts:55 [AudioAnalyzer] Disconnected source
AudioAnalyzer.ts:55 [AudioAnalyzer] Closed AudioContext
AudioToVideoConverter.ts:78 [AudioToVideoConverter] Conversion complete, blob size: 13589528 bytes
AudioToVideoConverter.ts:78 [AudioToVideoConverter] Using cached MP4 encoder support at 1920 x 1080
AudioToVideoConverter.ts:78 [AudioToVideoConverter] Audio duration: 140.892494 seconds
AudioAnalyzer.ts:55 [AudioAnalyzer] Disconnected source
AudioAnalyzer.ts:55 [AudioAnalyzer] Created AudioContext, sample rate: 44100
AudioAnalyzer.ts:55 [AudioAnalyzer] Created AnalyserNode, fftSize: 2048 frequencyBinCount: 1024
AudioAnalyzer.ts:55 [AudioAnalyzer] Connected audio graph without enhancement
AudioAnalyzer.ts:55 [AudioAnalyzer] Connected AudioElement source
VideoRecorder.ts:28 [VideoRecorder] Got canvas stream at 30 fps
VideoRecorder.ts:28 [VideoRecorder] Added 1 audio tracks
VideoRecorder.ts:28 [VideoRecorder] Started recording with mimeType: video/mp4;codecs=avc1.42E01E,mp4a.40.2
AudioToVideoConverter.ts:78 [AudioToVideoConverter] Started playback and recording
VideoRecorder.ts:28 [VideoRecorder] Received chunk: 1225 bytes
VideoRecorder.ts:28 [VideoRecorder] Received chunk: 2979812 bytes
VideoRecorder.ts:28 [VideoRecorder] Received chunk: 1418391 bytes
VideoRecorder.ts:28 [VideoRecorder] Received chunk: 1461804 bytes
VideoRecorder.ts:28 [VideoRecorder] Received chunk: 1467662 bytes
VideoRecorder.ts:28 [VideoRecorder] Received chunk: 1444238 bytes
VideoRecorder.ts:28 [VideoRecorder] Received chunk: 1483816 bytes
VideoRecorder.ts:28 [VideoRecorder] Received chunk: 1426744 bytes
VideoRecorder.ts:28 [VideoRecorder] Received chunk: 1402364 bytes
VideoRecorder.ts:28 [VideoRecorder] Received chunk: 1135134 bytes
VideoRecorder.ts:28 [VideoRecorder] Received chunk: 289574 bytes
VideoRecorder.ts:28 [VideoRecorder] Received chunk: 597064 bytes
VideoRecorder.ts:28 [VideoRecorder] Received chunk: 252994 bytes
VideoRecorder.ts:28 [VideoRecorder] Received chunk: 468195 bytes
VideoRecorder.ts:28 [VideoRecorder] Received chunk: 902417 bytes
VideoRecorder.ts:28 [VideoRecorder] Received chunk: 1411309 bytes
VideoRecorder.ts:28 [VideoRecorder] Received chunk: 1411813 bytes
VideoRecorder.ts:28 [VideoRecorder] Received chunk: 1416078 bytes
VideoRecorder.ts:28 [VideoRecorder] Received chunk: 1391253 bytes
VideoRecorder.ts:28 [VideoRecorder] Received chunk: 1454930 bytes
VideoRecorder.ts:28 [VideoRecorder] Received chunk: 1383416 bytes
VideoRecorder.ts:28 [VideoRecorder] Received chunk: 1443863 bytes
VideoRecorder.ts:28 [VideoRecorder] Received chunk: 1414992 bytes
VideoRecorder.ts:28 [VideoRecorder] Received chunk: 1456529 bytes
VideoRecorder.ts:28 [VideoRecorder] Received chunk: 1472454 bytes
VideoRecorder.ts:28 [VideoRecorder] Received chunk: 1477476 bytes
VideoRecorder.ts:28 [VideoRecorder] Received chunk: 1460248 bytes
VideoRecorder.ts:28 [VideoRecorder] Received chunk: 1353609 bytes
VideoRecorder.ts:28 [VideoRecorder] Received chunk: 1499717 bytes
VideoRecorder.ts:28 [VideoRecorder] Received chunk: 241561 bytes
VideoRecorder.ts:28 [VideoRecorder] Received chunk: 216988 bytes
AudioToVideoConverter.ts:78 [AudioToVideoConverter] Audio playback ended after 3221 frames
VideoRecorder.ts:28 [VideoRecorder] Received chunk: 178409 bytes
VideoRecorder.ts:28 [VideoRecorder] Recording stopped, total size: 37416079 bytes
AudioAnalyzer.ts:55 [AudioAnalyzer] Disconnected source
AudioAnalyzer.ts:55 [AudioAnalyzer] Closed AudioContext
AudioToVideoConverter.ts:78 [AudioToVideoConverter] Conversion complete, blob size: 37416079 bytes
AudioToVideoConverter.ts:78 [AudioToVideoConverter] Using cached MP4 encoder support at 1920 x 1080
AudioToVideoConverter.ts:78 [AudioToVideoConverter] Audio duration: 109.811315 seconds
AudioAnalyzer.ts:55 [AudioAnalyzer] Disconnected source
AudioAnalyzer.ts:55 [AudioAnalyzer] Created AudioContext, sample rate: 44100
AudioAnalyzer.ts:55 [AudioAnalyzer] Created AnalyserNode, fftSize: 2048 frequencyBinCount: 1024
AudioAnalyzer.ts:55 [AudioAnalyzer] Connected audio graph without enhancement
AudioAnalyzer.ts:55 [AudioAnalyzer] Connected AudioElement source
VideoRecorder.ts:28 [VideoRecorder] Got canvas stream at 30 fps
VideoRecorder.ts:28 [VideoRecorder] Added 1 audio tracks
VideoRecorder.ts:28 [VideoRecorder] Started recording with mimeType: video/mp4;codecs=avc1.42E01E,mp4a.40.2
AudioToVideoConverter.ts:78 [AudioToVideoConverter] Started playback and recording
VideoRecorder.ts:28 [VideoRecorder] Received chunk: 1225 bytes
VideoRecorder.ts:28 [VideoRecorder] Received chunk: 2825738 bytes
VideoRecorder.ts:28 [VideoRecorder] Received chunk: 1431459 bytes
VideoRecorder.ts:28 [VideoRecorder] Received chunk: 1487319 bytes
VideoRecorder.ts:28 [VideoRecorder] Received chunk: 1437800 bytes
VideoRecorder.ts:28 [VideoRecorder] Received chunk: 1454681 bytes
VideoRecorder.ts:28 [VideoRecorder] Received chunk: 1514536 bytes
VideoRecorder.ts:28 [VideoRecorder] Received chunk: 1533174 bytes
VideoRecorder.ts:28 [VideoRecorder] Received chunk: 1411899 bytes
VideoRecorder.ts:28 [VideoRecorder] Received chunk: 1481107 bytes
VideoRecorder.ts:28 [VideoRecorder] Received chunk: 1460245 bytes
VideoRecorder.ts:28 [VideoRecorder] Received chunk: 1372337 bytes
VideoRecorder.ts:28 [VideoRecorder] Received chunk: 1514340 bytes
VideoRecorder.ts:28 [VideoRecorder] Received chunk: 1467390 bytes
VideoRecorder.ts:28 [VideoRecorder] Received chunk: 1378767 bytes
VideoRecorder.ts:28 [VideoRecorder] Received chunk: 1429378 bytes
VideoRecorder.ts:28 [VideoRecorder] Received chunk: 1443498 bytes
VideoRecorder.ts:28 [VideoRecorder] Received chunk: 1489433 bytes
VideoRecorder.ts:28 [VideoRecorder] Received chunk: 1518817 bytes
VideoRecorder.ts:28 [VideoRecorder] Received chunk: 1444040 bytes
VideoRecorder.ts:28 [VideoRecorder] Received chunk: 1509752 bytes
VideoRecorder.ts:28 [VideoRecorder] Received chunk: 1522975 bytes
VideoRecorder.ts:28 [VideoRecorder] Received chunk: 1512887 bytes
AudioToVideoConverter.ts:78 [AudioToVideoConverter] Audio playback ended after 2399 frames
VideoRecorder.ts:28 [VideoRecorder] Received chunk: 1159782 bytes
VideoRecorder.ts:28 [VideoRecorder] Recording stopped, total size: 34802579 bytes
AudioAnalyzer.ts:55 [AudioAnalyzer] Disconnected source
AudioAnalyzer.ts:55 [AudioAnalyzer] Closed AudioContext
AudioToVideoConverter.ts:78 [AudioToVideoConverter] Conversion complete, blob size: 34802579 bytes
AudioToVideoConverter.ts:78 [AudioToVideoConverter] Using cached MP4 encoder support at 1920 x 1080
AudioToVideoConverter.ts:78 [AudioToVideoConverter] Audio duration: 66.885238 seconds
AudioAnalyzer.ts:55 [AudioAnalyzer] Disconnected source
AudioAnalyzer.ts:55 [AudioAnalyzer] Created AudioContext, sample rate: 44100
AudioAnalyzer.ts:55 [AudioAnalyzer] Created AnalyserNode, fftSize: 2048 frequencyBinCount: 1024
AudioAnalyzer.ts:55 [AudioAnalyzer] Connected audio graph without enhancement
AudioAnalyzer.ts:55 [AudioAnalyzer] Connected AudioElement source
VideoRecorder.ts:28 [VideoRecorder] Got canvas stream at 30 fps
VideoRecorder.ts:28 [VideoRecorder] Added 1 audio tracks
VideoRecorder.ts:28 [VideoRecorder] Started recording with mimeType: video/mp4;codecs=avc1.42E01E,mp4a.40.2
AudioToVideoConverter.ts:78 [AudioToVideoConverter] Started playback and recording
VideoRecorder.ts:28 [VideoRecorder] Received chunk: 1225 bytes
VideoRecorder.ts:28 [VideoRecorder] Received chunk: 2897372 bytes
VideoRecorder.ts:28 [VideoRecorder] Received chunk: 1314379 bytes
VideoRecorder.ts:28 [VideoRecorder] Received chunk: 1182296 bytes
VideoRecorder.ts:28 [VideoRecorder] Received chunk: 673582 bytes
VideoRecorder.ts:28 [VideoRecorder] Received chunk: 1419611 bytes
VideoRecorder.ts:28 [VideoRecorder] Received chunk: 1402359 bytes
VideoRecorder.ts:28 [VideoRecorder] Received chunk: 1424581 bytes
VideoRecorder.ts:28 [VideoRecorder] Received chunk: 893036 bytes
VideoRecorder.ts:28 [VideoRecorder] Received chunk: 1357173 bytes
VideoRecorder.ts:28 [VideoRecorder] Received chunk: 1174372 bytes
VideoRecorder.ts:28 [VideoRecorder] Received chunk: 1230780 bytes
VideoRecorder.ts:28 [VideoRecorder] Received chunk: 969135 bytes
VideoRecorder.ts:28 [VideoRecorder] Received chunk: 1363562 bytes
VideoRecorder.ts:28 [VideoRecorder] Received chunk: 347853 bytes
AudioToVideoConverter.ts:78 [AudioToVideoConverter] Audio playback ended after 1549 frames
VideoRecorder.ts:28 [VideoRecorder] Received chunk: 114957 bytes
VideoRecorder.ts:28 [VideoRecorder] Recording stopped, total size: 17766273 bytes
AudioAnalyzer.ts:55 [AudioAnalyzer] Disconnected source
AudioAnalyzer.ts:55 [AudioAnalyzer] Closed AudioContext
AudioToVideoConverter.ts:78 [AudioToVideoConverter] Conversion complete, blob size: 17766273 bytes
AudioToVideoConverter.ts:78 [AudioToVideoConverter] Using cached MP4 encoder support at 1920 x 1080
AudioToVideoConverter.ts:78 [AudioToVideoConverter] Audio duration: 148.461542 seconds
AudioAnalyzer.ts:55 [AudioAnalyzer] Disconnected source
AudioAnalyzer.ts:55 [AudioAnalyzer] Created AudioContext, sample rate: 44100
AudioAnalyzer.ts:55 [AudioAnalyzer] Created AnalyserNode, fftSize: 2048 frequencyBinCount: 1024
AudioAnalyzer.ts:55 [AudioAnalyzer] Connected audio graph without enhancement
AudioAnalyzer.ts:55 [AudioAnalyzer] Connected AudioElement source
VideoRecorder.ts:28 [VideoRecorder] Got canvas stream at 30 fps
VideoRecorder.ts:28 [VideoRecorder] Added 1 audio tracks
VideoRecorder.ts:28 [VideoRecorder] Started recording with mimeType: video/mp4;codecs=avc1.42E01E,mp4a.40.2
AudioToVideoConverter.ts:78 [AudioToVideoConverter] Started playback and recording
VideoRecorder.ts:28 [VideoRecorder] Received chunk: 1225 bytes
VideoRecorder.ts:28 [VideoRecorder] Received chunk: 792798 bytes
VideoRecorder.ts:28 [VideoRecorder] Received chunk: 440671 bytes
VideoRecorder.ts:28 [VideoRecorder] Received chunk: 329564 bytes
VideoRecorder.ts:28 [VideoRecorder] Received chunk: 402482 bytes
VideoRecorder.ts:28 [VideoRecorder] Received chunk: 751305 bytes
VideoRecorder.ts:28 [VideoRecorder] Received chunk: 254622 bytes
VideoRecorder.ts:28 [VideoRecorder] Received chunk: 254285 bytes
VideoRecorder.ts:28 [VideoRecorder] Received chunk: 248905 bytes
VideoRecorder.ts:28 [VideoRecorder] Received chunk: 257090 bytes
VideoRecorder.ts:28 [VideoRecorder] Received chunk: 434710 bytes
VideoRecorder.ts:28 [VideoRecorder] Received chunk: 250214 bytes
VideoRecorder.ts:28 [VideoRecorder] Received chunk: 402166 bytes
VideoRecorder.ts:28 [VideoRecorder] Received chunk: 326830 bytes
VideoRecorder.ts:28 [VideoRecorder] Received chunk: 259983 bytes
VideoRecorder.ts:28 [VideoRecorder] Received chunk: 220450 bytes
VideoRecorder.ts:28 [VideoRecorder] Received chunk: 218749 bytes
VideoRecorder.ts:28 [VideoRecorder] Received chunk: 410861 bytes
VideoRecorder.ts:28 [VideoRecorder] Received chunk: 547576 bytes
VideoRecorder.ts:28 [VideoRecorder] Received chunk: 570883 bytes
VideoRecorder.ts:28 [VideoRecorder] Received chunk: 335591 bytes
VideoRecorder.ts:28 [VideoRecorder] Received chunk: 257558 bytes
VideoRecorder.ts:28 [VideoRecorder] Received chunk: 229775 bytes
VideoRecorder.ts:28 [VideoRecorder] Received chunk: 606166 bytes
VideoRecorder.ts:28 [VideoRecorder] Received chunk: 434916 bytes
VideoRecorder.ts:28 [VideoRecorder] Received chunk: 235472 bytes
VideoRecorder.ts:28 [VideoRecorder] Received chunk: 251381 bytes
VideoRecorder.ts:28 [VideoRecorder] Received chunk: 249273 bytes
VideoRecorder.ts:28 [VideoRecorder] Received chunk: 247991 bytes
VideoRecorder.ts:28 [VideoRecorder] Received chunk: 226642 bytes
VideoRecorder.ts:28 [VideoRecorder] Received chunk: 226281 bytes
VideoRecorder.ts:28 [VideoRecorder] Received chunk: 229779 bytes
VideoRecorder.ts:28 [VideoRecorder] Received chunk: 281845 bytes
VideoRecorder.ts:28 [VideoRecorder] Received chunk: 272112 bytes
AudioToVideoConverter.ts:78 [AudioToVideoConverter] Audio playback ended after 3530 frames
VideoRecorder.ts:28 [VideoRecorder] Received chunk: 235761 bytes
VideoRecorder.ts:28 [VideoRecorder] Recording stopped, total size: 11695912 bytes
AudioAnalyzer.ts:55 [AudioAnalyzer] Disconnected source
AudioAnalyzer.ts:55 [AudioAnalyzer] Closed AudioContext
AudioToVideoConverter.ts:78 [AudioToVideoConverter] Conversion complete, blob size: 11695912 bytes
AudioToVideoConverter.ts:78 [AudioToVideoConverter] Using cached MP4 encoder support at 1920 x 1080
AudioToVideoConverter.ts:78 [AudioToVideoConverter] Audio duration: 228.899025 seconds
AudioAnalyzer.ts:55 [AudioAnalyzer] Disconnected source
AudioAnalyzer.ts:55 [AudioAnalyzer] Created AudioContext, sample rate: 44100
AudioAnalyzer.ts:55 [AudioAnalyzer] Created AnalyserNode, fftSize: 2048 frequencyBinCount: 1024
AudioAnalyzer.ts:55 [AudioAnalyzer] Connected audio graph without enhancement
AudioAnalyzer.ts:55 [AudioAnalyzer] Connected AudioElement source
VideoRecorder.ts:28 [VideoRecorder] Got canvas stream at 30 fps
VideoRecorder.ts:28 [VideoRecorder] Added 1 audio tracks
VideoRecorder.ts:28 [VideoRecorder] Started recording with mimeType: video/mp4;codecs=avc1.42E01E,mp4a.40.2
AudioToVideoConverter.ts:78 [AudioToVideoConverter] Started playback and recording
VideoRecorder.ts:28 [VideoRecorder] Received chunk: 1225 bytes
VideoRecorder.ts:28 [VideoRecorder] Received chunk: 1919079 bytes
VideoRecorder.ts:28 [VideoRecorder] Received chunk: 229611 bytes
VideoRecorder.ts:28 [VideoRecorder] Received chunk: 326531 bytes
VideoRecorder.ts:28 [VideoRecorder] Received chunk: 1502855 bytes
VideoRecorder.ts:28 [VideoRecorder] Received chunk: 1484500 bytes
VideoRecorder.ts:28 [VideoRecorder] Received chunk: 1130924 bytes
VideoRecorder.ts:28 [VideoRecorder] Received chunk: 801376 bytes
VideoRecorder.ts:28 [VideoRecorder] Received chunk: 1561701 bytes
VideoRecorder.ts:28 [VideoRecorder] Received chunk: 755262 bytes
VideoRecorder.ts:28 [VideoRecorder] Received chunk: 536941 bytes
VideoRecorder.ts:28 [VideoRecorder] Received chunk: 626601 bytes
VideoRecorder.ts:28 [VideoRecorder] Received chunk: 1414683 bytes
VideoRecorder.ts:28 [VideoRecorder] Received chunk: 1399470 bytes
VideoRecorder.ts:28 [VideoRecorder] Received chunk: 1397226 bytes
VideoRecorder.ts:28 [VideoRecorder] Received chunk: 1417950 bytes
VideoRecorder.ts:28 [VideoRecorder] Received chunk: 1446952 bytes
VideoRecorder.ts:28 [VideoRecorder] Received chunk: 1390021 bytes
VideoRecorder.ts:28 [VideoRecorder] Received chunk: 1421973 bytes
VideoRecorder.ts:28 [VideoRecorder] Received chunk: 1401809 bytes
VideoRecorder.ts:28 [VideoRecorder] Received chunk: 1234079 bytes
VideoRecorder.ts:28 [VideoRecorder] Received chunk: 1415193 bytes
VideoRecorder.ts:28 [VideoRecorder] Received chunk: 1266333 bytes
VideoRecorder.ts:28 [VideoRecorder] Received chunk: 1042506 bytes
VideoRecorder.ts:28 [VideoRecorder] Received chunk: 833975 bytes
VideoRecorder.ts:28 [VideoRecorder] Received chunk: 491145 bytes
VideoRecorder.ts:28 [VideoRecorder] Received chunk: 603242 bytes
VideoRecorder.ts:28 [VideoRecorder] Received chunk: 910394 bytes
VideoRecorder.ts:28 [VideoRecorder] Received chunk: 1411598 bytes
VideoRecorder.ts:28 [VideoRecorder] Received chunk: 1453319 bytes
VideoRecorder.ts:28 [VideoRecorder] Received chunk: 1411369 bytes
VideoRecorder.ts:28 [VideoRecorder] Received chunk: 1415136 bytes
VideoRecorder.ts:28 [VideoRecorder] Received chunk: 1192062 bytes
VideoRecorder.ts:28 [VideoRecorder] Received chunk: 702212 bytes
VideoRecorder.ts:28 [VideoRecorder] Received chunk: 1434245 bytes
VideoRecorder.ts:28 [VideoRecorder] Received chunk: 1205629 bytes
VideoRecorder.ts:28 [VideoRecorder] Received chunk: 1455808 bytes
VideoRecorder.ts:28 [VideoRecorder] Received chunk: 1444015 bytes
VideoRecorder.ts:28 [VideoRecorder] Received chunk: 1463038 bytes
VideoRecorder.ts:28 [VideoRecorder] Received chunk: 1436756 bytes
VideoRecorder.ts:28 [VideoRecorder] Received chunk: 1208539 bytes
VideoRecorder.ts:28 [VideoRecorder] Received chunk: 1404547 bytes
VideoRecorder.ts:28 [VideoRecorder] Received chunk: 1338796 bytes
VideoRecorder.ts:28 [VideoRecorder] Received chunk: 1137101 bytes
VideoRecorder.ts:28 [VideoRecorder] Received chunk: 1223037 bytes
VideoRecorder.ts:28 [VideoRecorder] Received chunk: 1295905 bytes
VideoRecorder.ts:28 [VideoRecorder] Received chunk: 1523857 bytes
VideoRecorder.ts:28 [VideoRecorder] Received chunk: 1319990 bytes
VideoRecorder.ts:28 [VideoRecorder] Received chunk: 1445626 bytes
VideoRecorder.ts:28 [VideoRecorder] Received chunk: 380679 bytes
VideoRecorder.ts:28 [VideoRecorder] Received chunk: 277040 bytes
AudioToVideoConverter.ts:78 [AudioToVideoConverter] Audio playback ended after 5229 frames
VideoRecorder.ts:28 [VideoRecorder] Received chunk: 125030 bytes
VideoRecorder.ts:28 [VideoRecorder] Recording stopped, total size: 58668891 bytes
AudioAnalyzer.ts:55 [AudioAnalyzer] Disconnected source
AudioAnalyzer.ts:55 [AudioAnalyzer] Closed AudioContext
AudioToVideoConverter.ts:78 [AudioToVideoConverter] Conversion complete, blob size: 58668891 bytes
VideoRecorder.ts:28 [VideoRecorder] Got canvas stream at 30 fps
VideoRecorder.ts:28 [VideoRecorder] Added 1 audio tracks
VideoRecorder.ts:28 [VideoRecorder] Started recording with mimeType: video/mp4;codecs=avc1.42E01E,mp4a.40.2
VideoRecorder.ts:28 [VideoRecorder] Received chunk: 1225 bytes
VideoRecorder.ts:28 [VideoRecorder] Received chunk: 2174847 bytes
VideoRecorder.ts:28 [VideoRecorder] Received chunk: 1387883 bytes
VideoRecorder.ts:28 [VideoRecorder] Received chunk: 1447580 bytes
VideoRecorder.ts:28 [VideoRecorder] Received chunk: 1254615 bytes
VideoRecorder.ts:28 [VideoRecorder] Received chunk: 1403210 bytes
VideoRecorder.ts:28 [VideoRecorder] Received chunk: 1387694 bytes
VideoRecorder.ts:28 [VideoRecorder] Received chunk: 1381995 bytes
VideoRecorder.ts:28 [VideoRecorder] Received chunk: 1132282 bytes
VideoRecorder.ts:28 [VideoRecorder] Received chunk: 1361683 bytes
VideoRecorder.ts:28 [VideoRecorder] Received chunk: 1348913 bytes
VideoRecorder.ts:28 [VideoRecorder] Received chunk: 1263103 bytes
VideoRecorder.ts:28 [VideoRecorder] Received chunk: 1351905 bytes
VideoRecorder.ts:28 [VideoRecorder] Received chunk: 1285778 bytes
VideoRecorder.ts:28 [VideoRecorder] Received chunk: 1342821 bytes
VideoRecorder.ts:28 [VideoRecorder] Received chunk: 1298456 bytes
VideoRecorder.ts:28 [VideoRecorder] Received chunk: 1404103 bytes
VideoRecorder.ts:28 [VideoRecorder] Received chunk: 1375320 bytes
VideoRecorder.ts:28 [VideoRecorder] Received chunk: 1448930 bytes
VideoRecorder.ts:28 [VideoRecorder] Received chunk: 1392793 bytes
VideoRecorder.ts:28 [VideoRecorder] Received chunk: 1501071 bytes
VideoRecorder.ts:28 [VideoRecorder] Received chunk: 1414855 bytes
VideoRecorder.ts:28 [VideoRecorder] Received chunk: 1175843 bytes
VideoRecorder.ts:28 [VideoRecorder] Received chunk: 1447510 bytes
VideoRecorder.ts:28 [VideoRecorder] Received chunk: 1481493 bytes
VideoRecorder.ts:28 [VideoRecorder] Received chunk: 1415643 bytes
VideoRecorder.ts:28 [VideoRecorder] Received chunk: 1474897 bytes
VideoRecorder.ts:28 [VideoRecorder] Received chunk: 1476715 bytes
VideoRecorder.ts:28 [VideoRecorder] Received chunk: 1413404 bytes
VideoRecorder.ts:28 [VideoRecorder] Received chunk: 1457341 bytes
VideoRecorder.ts:28 [VideoRecorder] Received chunk: 1334598 bytes
VideoRecorder.ts:28 [VideoRecorder] Received chunk: 1436134 bytes
VideoRecorder.ts:28 [VideoRecorder] Received chunk: 1382853 bytes
VideoRecorder.ts:28 [VideoRecorder] Received chunk: 1378544 bytes
VideoRecorder.ts:28 [VideoRecorder] Received chunk: 1446045 bytes
VideoRecorder.ts:28 [VideoRecorder] Received chunk: 1407108 bytes
VideoRecorder.ts:28 [VideoRecorder] Received chunk: 1411026 bytes
VideoRecorder.ts:28 [VideoRecorder] Received chunk: 1395183 bytes
VideoRecorder.ts:28 [VideoRecorder] Received chunk: 1409609 bytes
VideoRecorder.ts:28 [VideoRecorder] Received chunk: 1364754 bytes
VideoRecorder.ts:28 [VideoRecorder] Received chunk: 1390039 bytes
VideoRecorder.ts:28 [VideoRecorder] Received chunk: 1370363 bytes
VideoRecorder.ts:28 [VideoRecorder] Received chunk: 1373261 bytes
VideoRecorder.ts:28 [VideoRecorder] Received chunk: 1401706 bytes
VideoRecorder.ts:28 [VideoRecorder] Received chunk: 1395780 bytes
VideoRecorder.ts:28 [VideoRecorder] Received chunk: 1420030 bytes
VideoRecorder.ts:28 [VideoRecorder] Received chunk: 680247 bytes
VideoRecorder.ts:28 [VideoRecorder] Received chunk: 829124 bytes
VideoRecorder.ts:28 [VideoRecorder] Received chunk: 1323906 bytes
VideoRecorder.ts:28 [VideoRecorder] Received chunk: 1323275 bytes
VideoRecorder.ts:28 [VideoRecorder] Received chunk: 1353163 bytes
VideoRecorder.ts:28 [VideoRecorder] Received chunk: 1350853 bytes
VideoRecorder.ts:28 [VideoRecorder] Received chunk: 1333485 bytes
VideoRecorder.ts:28 [VideoRecorder] Received chunk: 1348991 bytes
VideoRecorder.ts:28 [VideoRecorder] Received chunk: 1397035 bytes
VideoRecorder.ts:28 [VideoRecorder] Received chunk: 1330756 bytes
VideoRecorder.ts:28 [VideoRecorder] Received chunk: 1312642 bytes
VideoRecorder.ts:28 [VideoRecorder] Received chunk: 1342020 bytes
VideoRecorder.ts:28 [VideoRecorder] Received chunk: 1368249 bytes
VideoRecorder.ts:28 [VideoRecorder] Received chunk: 1381225 bytes
VideoRecorder.ts:28 [VideoRecorder] Received chunk: 1347084 bytes
VideoRecorder.ts:28 [VideoRecorder] Received chunk: 1392937 bytes
VideoRecorder.ts:28 [VideoRecorder] Received chunk: 554482 bytes
VideoRecorder.ts:28 [VideoRecorder] Received chunk: 207831 bytes
VideoRecorder.ts:28 [VideoRecorder] Received chunk: 386862 bytes
VideoRecorder.ts:28 [VideoRecorder] Received chunk: 512370 bytes
VideoRecorder.ts:28 [VideoRecorder] Received chunk: 207256 bytes
VideoRecorder.ts:28 [VideoRecorder] Received chunk: 396354 bytes
VideoRecorder.ts:28 [VideoRecorder] Received chunk: 206930 bytes
VideoRecorder.ts:28 [VideoRecorder] Received chunk: 200674 bytes
VideoRecorder.ts:28 [VideoRecorder] Received chunk: 486000 bytes
VideoRecorder.ts:28 [VideoRecorder] Received chunk: 227058 bytes
VideoRecorder.ts:28 [VideoRecorder] Received chunk: 279850 bytes
VideoRecorder.ts:28 [VideoRecorder] Received chunk: 224380 bytes
VideoRecorder.ts:28 [VideoRecorder] Received chunk: 203712 bytes
VideoRecorder.ts:28 [VideoRecorder] Received chunk: 218337 bytes
VideoRecorder.ts:28 [VideoRecorder] Received chunk: 228498 bytes
VideoRecorder.ts:28 [VideoRecorder] Received chunk: 238907 bytes
VideoRecorder.ts:28 [VideoRecorder] Received chunk: 229998 bytes
VideoRecorder.ts:28 [VideoRecorder] Received chunk: 222816 bytes
VideoRecorder.ts:28 [VideoRecorder] Received chunk: 273889 bytes
VideoRecorder.ts:28 [VideoRecorder] Received chunk: 227452 bytes
VideoRecorder.ts:28 [VideoRecorder] Received chunk: 225568 bytes
VideoRecorder.ts:28 [VideoRecorder] Received chunk: 226335 bytes
VideoRecorder.ts:28 [VideoRecorder] Received chunk: 219623 bytes
VideoRecorder.ts:28 [VideoRecorder] Received chunk: 214353 bytes
VideoRecorder.ts:28 [VideoRecorder] Received chunk: 211424 bytes
VideoRecorder.ts:28 [VideoRecorder] Received chunk: 214531 bytes
VideoRecorder.ts:28 [VideoRecorder] Received chunk: 241996 bytes
VideoRecorder.ts:28 [VideoRecorder] Received chunk: 268265 bytes
VideoRecorder.ts:28 [VideoRecorder] Received chunk: 261108 bytes
VideoRecorder.ts:28 [VideoRecorder] Received chunk: 241212 bytes
VideoRecorder.ts:28 [VideoRecorder] Received chunk: 246167 bytes
VideoRecorder.ts:28 [VideoRecorder] Received chunk: 257505 bytes
VideoRecorder.ts:28 [VideoRecorder] Received chunk: 512765 bytes
VideoRecorder.ts:28 [VideoRecorder] Received chunk: 874295 bytes
VideoRecorder.ts:28 [VideoRecorder] Received chunk: 1331142 bytes
VideoRecorder.ts:28 [VideoRecorder] Received chunk: 1181540 bytes
VideoRecorder.ts:28 [VideoRecorder] Received chunk: 982677 bytes
VideoRecorder.ts:28 [VideoRecorder] Received chunk: 227151 bytes
VideoRecorder.ts:28 [VideoRecorder] Received chunk: 1041791 bytes
VideoRecorder.ts:28 [VideoRecorder] Received chunk: 1335367 bytes
VideoRecorder.ts:28 [VideoRecorder] Received chunk: 291358 bytes
VideoRecorder.ts:28 [VideoRecorder] Received chunk: 664557 bytes
VideoRecorder.ts:28 [VideoRecorder] Received chunk: 1232539 bytes
VideoRecorder.ts:28 [VideoRecorder] Received chunk: 1187455 bytes
VideoRecorder.ts:28 [VideoRecorder] Received chunk: 1234656 bytes
VideoRecorder.ts:28 [VideoRecorder] Received chunk: 1209015 bytes
VideoRecorder.ts:28 [VideoRecorder] Received chunk: 672622 bytes
VideoRecorder.ts:28 [VideoRecorder] Received chunk: 217484 bytes
VideoRecorder.ts:28 [VideoRecorder] Received chunk: 1368708 bytes
VideoRecorder.ts:28 [VideoRecorder] Received chunk: 1301494 bytes
VideoRecorder.ts:28 [VideoRecorder] Received chunk: 337873 bytes
VideoRecorder.ts:28 [VideoRecorder] Received chunk: 1207084 bytes
VideoRecorder.ts:28 [VideoRecorder] Received chunk: 1310641 bytes
VideoRecorder.ts:28 [VideoRecorder] Received chunk: 1079831 bytes
VideoRecorder.ts:28 [VideoRecorder] Received chunk: 1265453 bytes
VideoRecorder.ts:28 [VideoRecorder] Received chunk: 521452 bytes
VideoRecorder.ts:28 [VideoRecorder] Received chunk: 289846 bytes
VideoRecorder.ts:28 [VideoRecorder] Received chunk: 294648 bytes
VideoRecorder.ts:28 [VideoRecorder] Received chunk: 287984 bytes
VideoRecorder.ts:28 [VideoRecorder] Received chunk: 468124 bytes
VideoRecorder.ts:28 [VideoRecorder] Received chunk: 284478 bytes
VideoRecorder.ts:28 [VideoRecorder] Received chunk: 1171555 bytes
VideoRecorder.ts:28 [VideoRecorder] Received chunk: 1454413 bytes
VideoRecorder.ts:28 [VideoRecorder] Received chunk: 1317940 bytes
VideoRecorder.ts:28 [VideoRecorder] Received chunk: 1274282 bytes
VideoRecorder.ts:28 [VideoRecorder] Received chunk: 1124004 bytes
VideoRecorder.ts:28 [VideoRecorder] Received chunk: 1509187 bytes
VideoRecorder.ts:28 [VideoRecorder] Received chunk: 1354233 bytes
VideoRecorder.ts:28 [VideoRecorder] Received chunk: 1420447 bytes
VideoRecorder.ts:28 [VideoRecorder] Received chunk: 1375879 bytes
VideoRecorder.ts:28 [VideoRecorder] Received chunk: 1391536 bytes
VideoRecorder.ts:28 [VideoRecorder] Received chunk: 1388620 bytes
VideoRecorder.ts:28 [VideoRecorder] Received chunk: 1368961 bytes
VideoRecorder.ts:28 [VideoRecorder] Received chunk: 1357971 bytes
VideoRecorder.ts:28 [VideoRecorder] Received chunk: 1383581 bytes
VideoRecorder.ts:28 [VideoRecorder] Received chunk: 501293 bytes
VideoRecorder.ts:28 [VideoRecorder] Received chunk: 387822 bytes
VideoRecorder.ts:28 [VideoRecorder] Received chunk: 421491 bytes
VideoRecorder.ts:28 [VideoRecorder] Received chunk: 242643 bytes
VideoRecorder.ts:28 [VideoRecorder] Received chunk: 577388 bytes
VideoRecorder.ts:28 [VideoRecorder] Received chunk: 1386746 bytes
VideoRecorder.ts:28 [VideoRecorder] Received chunk: 1368392 bytes
VideoRecorder.ts:28 [VideoRecorder] Received chunk: 1322578 bytes
VideoRecorder.ts:28 [VideoRecorder] Received chunk: 1354747 bytes
VideoRecorder.ts:28 [VideoRecorder] Received chunk: 1431067 bytes
VideoRecorder.ts:28 [VideoRecorder] Received chunk: 1377574 bytes
VideoRecorder.ts:28 [VideoRecorder] Received chunk: 1362275 bytes
VideoRecorder.ts:28 [VideoRecorder] Received chunk: 1376068 bytes
VideoRecorder.ts:28 [VideoRecorder] Received chunk: 1391924 bytes
VideoRecorder.ts:28 [VideoRecorder] Received chunk: 1414148 bytes
VideoRecorder.ts:28 [VideoRecorder] Received chunk: 1451277 bytes
VideoRecorder.ts:28 [VideoRecorder] Received chunk: 1379070 bytes
VideoRecorder.ts:28 [VideoRecorder] Received chunk: 1378458 bytes
VideoRecorder.ts:28 [VideoRecorder] Received chunk: 1330762 bytes
VideoRecorder.ts:28 [VideoRecorder] Received chunk: 509471 bytes
VideoRecorder.ts:28 [VideoRecorder] Received chunk: 220719 bytes
VideoRecorder.ts:28 [VideoRecorder] Received chunk: 194585 bytes
VideoRecorder.ts:28 [VideoRecorder] Received chunk: 1305128 bytes
VideoRecorder.ts:28 [VideoRecorder] Received chunk: 1427592 bytes
VideoRecorder.ts:28 [VideoRecorder] Received chunk: 1343475 bytes
VideoRecorder.ts:28 [VideoRecorder] Received chunk: 1373868 bytes
VideoRecorder.ts:28 [VideoRecorder] Received chunk: 1335592 bytes
VideoRecorder.ts:28 [VideoRecorder] Received chunk: 1452369 bytes
VideoRecorder.ts:28 [VideoRecorder] Received chunk: 1427499 bytes
VideoRecorder.ts:28 [VideoRecorder] Received chunk: 1447621 bytes
VideoRecorder.ts:28 [VideoRecorder] Received chunk: 1412433 bytes
VideoRecorder.ts:28 [VideoRecorder] Received chunk: 1458370 bytes
VideoRecorder.ts:28 [VideoRecorder] Received chunk: 1425422 bytes
VideoRecorder.ts:28 [VideoRecorder] Received chunk: 1447598 bytes
VideoRecorder.ts:28 [VideoRecorder] Received chunk: 1454694 bytes
VideoRecorder.ts:28 [VideoRecorder] Received chunk: 1424711 bytes
VideoRecorder.ts:28 [VideoRecorder] Received chunk: 1397797 bytes
VideoRecorder.ts:28 [VideoRecorder] Received chunk: 1346366 bytes
VideoRecorder.ts:28 [VideoRecorder] Received chunk: 1455567 bytes
VideoRecorder.ts:28 [VideoRecorder] Received chunk: 1444006 bytes
VideoRecorder.ts:28 [VideoRecorder] Received chunk: 1418560 bytes
VideoRecorder.ts:28 [VideoRecorder] Received chunk: 1451182 bytes
VideoRecorder.ts:28 [VideoRecorder] Received chunk: 1446028 bytes
VideoRecorder.ts:28 [VideoRecorder] Received chunk: 1462884 bytes
VideoRecorder.ts:28 [VideoRecorder] Received chunk: 1462719 bytes
VideoRecorder.ts:28 [VideoRecorder] Received chunk: 1456778 bytes
VideoRecorder.ts:28 [VideoRecorder] Received chunk: 1266781 bytes
VideoRecorder.ts:28 [VideoRecorder] Received chunk: 1187122 bytes
VideoRecorder.ts:28 [VideoRecorder] Received chunk: 1091904 bytes
VideoRecorder.ts:28 [VideoRecorder] Received chunk: 612410 bytes
VideoRecorder.ts:28 [VideoRecorder] Received chunk: 1345437 bytes
VideoRecorder.ts:28 [VideoRecorder] Received chunk: 1281906 bytes
VideoRecorder.ts:28 [VideoRecorder] Received chunk: 1290383 bytes
VideoRecorder.ts:28 [VideoRecorder] Received chunk: 831332 bytes
VideoRecorder.ts:28 [VideoRecorder] Received chunk: 1268972 bytes
VideoRecorder.ts:28 [VideoRecorder] Received chunk: 1114708 bytes
VideoRecorder.ts:28 [VideoRecorder] Received chunk: 1093590 bytes
VideoRecorder.ts:28 [VideoRecorder] Received chunk: 969169 bytes
VideoRecorder.ts:28 [VideoRecorder] Received chunk: 1250077 bytes
VideoRecorder.ts:28 [VideoRecorder] Received chunk: 291304 bytes
VideoRecorder.ts:28 [VideoRecorder] Received chunk: 310597 bytes
VideoRecorder.ts:28 [VideoRecorder] Received chunk: 398659 bytes
VideoRecorder.ts:28 [VideoRecorder] Received chunk: 558375 bytes
VideoRecorder.ts:28 [VideoRecorder] Received chunk: 383336 bytes
VideoRecorder.ts:28 [VideoRecorder] Received chunk: 406550 bytes
VideoRecorder.ts:28 [VideoRecorder] Received chunk: 544865 bytes
VideoRecorder.ts:28 [VideoRecorder] Received chunk: 415253 bytes
VideoRecorder.ts:28 [VideoRecorder] Received chunk: 246958 bytes
VideoRecorder.ts:28 [VideoRecorder] Received chunk: 242323 bytes
VideoRecorder.ts:28 [VideoRecorder] Received chunk: 246116 bytes
VideoRecorder.ts:28 [VideoRecorder] Received chunk: 408487 bytes
VideoRecorder.ts:28 [VideoRecorder] Received chunk: 257450 bytes
VideoRecorder.ts:28 [VideoRecorder] Received chunk: 370446 bytes
VideoRecorder.ts:28 [VideoRecorder] Received chunk: 224057 bytes
VideoRecorder.ts:28 [VideoRecorder] Received chunk: 388243 bytes
VideoRecorder.ts:28 [VideoRecorder] Received chunk: 224443 bytes
VideoRecorder.ts:28 [VideoRecorder] Received chunk: 212519 bytes
VideoRecorder.ts:28 [VideoRecorder] Received chunk: 384905 bytes
VideoRecorder.ts:28 [VideoRecorder] Received chunk: 384305 bytes
VideoRecorder.ts:28 [VideoRecorder] Received chunk: 653207 bytes
VideoRecorder.ts:28 [VideoRecorder] Received chunk: 227895 bytes
VideoRecorder.ts:28 [VideoRecorder] Received chunk: 394102 bytes
VideoRecorder.ts:28 [VideoRecorder] Received chunk: 230119 bytes
VideoRecorder.ts:28 [VideoRecorder] Received chunk: 462054 bytes
VideoRecorder.ts:28 [VideoRecorder] Received chunk: 441560 bytes
VideoRecorder.ts:28 [VideoRecorder] Received chunk: 236395 bytes
VideoRecorder.ts:28 [VideoRecorder] Received chunk: 236911 bytes
VideoRecorder.ts:28 [VideoRecorder] Received chunk: 244455 bytes
VideoRecorder.ts:28 [VideoRecorder] Received chunk: 230085 bytes
VideoRecorder.ts:28 [VideoRecorder] Received chunk: 226056 bytes
VideoRecorder.ts:28 [VideoRecorder] Received chunk: 216375 bytes
VideoRecorder.ts:28 [VideoRecorder] Received chunk: 217078 bytes
VideoRecorder.ts:28 [VideoRecorder] Received chunk: 262098 bytes
VideoRecorder.ts:28 [VideoRecorder] Received chunk: 257300 bytes
VideoRecorder.ts:28 [VideoRecorder] Received chunk: 326982 bytes
VideoRecorder.ts:28 [VideoRecorder] Received chunk: 1339723 bytes
VideoRecorder.ts:28 [VideoRecorder] Received chunk: 537228 bytes
VideoRecorder.ts:28 [VideoRecorder] Received chunk: 227763 bytes
VideoRecorder.ts:28 [VideoRecorder] Received chunk: 384049 bytes
VideoRecorder.ts:28 [VideoRecorder] Received chunk: 1451399 bytes
VideoRecorder.ts:28 [VideoRecorder] Received chunk: 1380113 bytes
VideoRecorder.ts:28 [VideoRecorder] Received chunk: 1050973 bytes
VideoRecorder.ts:28 [VideoRecorder] Received chunk: 794857 bytes
VideoRecorder.ts:28 [VideoRecorder] Received chunk: 1460216 bytes
VideoRecorder.ts:28 [VideoRecorder] Received chunk: 759259 bytes
VideoRecorder.ts:28 [VideoRecorder] Received chunk: 571024 bytes
VideoRecorder.ts:28 [VideoRecorder] Received chunk: 583949 bytes
VideoRecorder.ts:28 [VideoRecorder] Received chunk: 1376943 bytes
VideoRecorder.ts:28 [VideoRecorder] Received chunk: 1362822 bytes
VideoRecorder.ts:28 [VideoRecorder] Received chunk: 1353375 bytes
VideoRecorder.ts:28 [VideoRecorder] Received chunk: 1350763 bytes
VideoRecorder.ts:28 [VideoRecorder] Received chunk: 1395008 bytes
VideoRecorder.ts:28 [VideoRecorder] Received chunk: 1365893 bytes
VideoRecorder.ts:28 [VideoRecorder] Received chunk: 1343243 bytes
VideoRecorder.ts:28 [VideoRecorder] Received chunk: 1403795 bytes
VideoRecorder.ts:28 [VideoRecorder] Received chunk: 1152093 bytes
VideoRecorder.ts:28 [VideoRecorder] Received chunk: 1394449 bytes
VideoRecorder.ts:28 [VideoRecorder] Received chunk: 1266299 bytes
VideoRecorder.ts:28 [VideoRecorder] Received chunk: 1035403 bytes
VideoRecorder.ts:28 [VideoRecorder] Received chunk: 628702 bytes
VideoRecorder.ts:28 [VideoRecorder] Received chunk: 430794 bytes
VideoRecorder.ts:28 [VideoRecorder] Received chunk: 682614 bytes
VideoRecorder.ts:28 [VideoRecorder] Received chunk: 991471 bytes
VideoRecorder.ts:28 [VideoRecorder] Received chunk: 1398244 bytes
VideoRecorder.ts:28 [VideoRecorder] Received chunk: 1393642 bytes
VideoRecorder.ts:28 [VideoRecorder] Received chunk: 1430513 bytes
VideoRecorder.ts:28 [VideoRecorder] Received chunk: 1342221 bytes
VideoRecorder.ts:28 [VideoRecorder] Received chunk: 798837 bytes
VideoRecorder.ts:28 [VideoRecorder] Received chunk: 1065219 bytes
VideoRecorder.ts:28 [VideoRecorder] Received chunk: 1159150 bytes
VideoRecorder.ts:28 [VideoRecorder] Received chunk: 1379903 bytes
VideoRecorder.ts:28 [VideoRecorder] Received chunk: 1371470 bytes
VideoRecorder.ts:28 [VideoRecorder] Received chunk: 1415471 bytes
VideoRecorder.ts:28 [VideoRecorder] Received chunk: 1455008 bytes
VideoRecorder.ts:28 [VideoRecorder] Received chunk: 1202058 bytes
VideoRecorder.ts:28 [VideoRecorder] Received chunk: 1424605 bytes
VideoRecorder.ts:28 [VideoRecorder] Received chunk: 1361216 bytes
VideoRecorder.ts:28 [VideoRecorder] Received chunk: 1219413 bytes
VideoRecorder.ts:28 [VideoRecorder] Received chunk: 1154717 bytes
VideoRecorder.ts:28 [VideoRecorder] Received chunk: 1049699 bytes
VideoRecorder.ts:28 [VideoRecorder] Received chunk: 1410609 bytes
VideoRecorder.ts:28 [VideoRecorder] Received chunk: 1377630 bytes
VideoRecorder.ts:28 [VideoRecorder] Received chunk: 1437037 bytes
VideoRecorder.ts:28 [VideoRecorder] Received chunk: 964762 bytes
VideoRecorder.ts:28 [VideoRecorder] Received chunk: 314001 bytes
VideoRecorder.ts:28 [VideoRecorder] Received chunk: 223310 bytes
VideoRecorder.ts:28 [VideoRecorder] Recording stopped, total size: 274351681 bytes
AudioToVideoConverter.ts:78 [AudioToVideoConverter] Video concatenation complete, blob size: 274351681 bytes
AudioRecorder.ts:242 [AudioRecorder] Started visualization
$0.click()
undefined
AudioRecorder.ts:242 [AudioRecorder] Page hidden, switching to timer-based visualization
AudioRecorder.ts:242 [AudioRecorder] Started timer fallback visualization with polling interval: 16
AudioRecorder.ts:242 [AudioRecorder] Page visible, switching to requestAnimationFrame
AudioRecorder.ts:242 [AudioRecorder] Stopped timer fallback visualization
AudioRecorder.ts:242 [AudioRecorder] Started visualization
AudioRecorder.ts:242 [AudioRecorder] Page hidden, switching to timer-based visualization
AudioRecorder.ts:242 [AudioRecorder] Started timer fallback visualization with polling interval: 16
AudioRecorder.ts:242 [AudioRecorder] Page visible, switching to requestAnimationFrame
AudioRecorder.ts:242 [AudioRecorder] Stopped timer fallback visualization
AudioRecorder.ts:242 [AudioRecorder] Started visualization
AudioRecorder.ts:242 [AudioRecorder] Page hidden, switching to timer-based visualization
AudioRecorder.ts:242 [AudioRecorder] Started timer fallback visualization with polling interval: 16
AudioRecorder.ts:242 [AudioRecorder] Page visible, switching to requestAnimationFrame
AudioRecorder.ts:242 [AudioRecorder] Stopped timer fallback visualization
AudioRecorder.ts:242 [AudioRecorder] Started visualization
AudioRecorder.ts:242 [AudioRecorder] Page hidden, switching to timer-based visualization
AudioRecorder.ts:242 [AudioRecorder] Started timer fallback visualization with polling interval: 16
AudioRecorder.ts:242 [AudioRecorder] Page visible, switching to requestAnimationFrame
AudioRecorder.ts:242 [AudioRecorder] Stopped timer fallback visualization
AudioRecorder.ts:242 [AudioRecorder] Started visualization
AudioRecorder.ts:242 [AudioRecorder] Stopped visualization
pipeline.js:3151 Pipeline failed: Error: Sign in to YouTube before running upload pipeline stages.
    at assertUploadReady (pipeline.js:2857:13)
    at runPipeline (pipeline.js:3128:7)
    at HTMLButtonElement.<anonymous> (pipeline.js:4609:5)
runPipeline @ pipeline.js:3151
(anonymous) @ pipeline.js:4609
AudioRecorder.ts:242 [AudioRecorder] Started visualization
youtube-upload.js:285 [YouTube channel defaults] refreshYouTubeChannelDefaults called {force: false, hasValidAccessToken: true, hasGetChannelDefaults: true, accessTokenLength: 254, accessTokenExpiresAt: 1786015825742, …}
youtube-upload.js:297 [YouTube channel defaults] Calling channels.list?part=brandingSettings&mine=true
youtube-upload.js:428 [YouTube playlists] refreshYouTubePlaylists called {force: false, hasValidAccessToken: true, hasPlaylistScope: true, hasListPlaylists: true}
youtube-upload.js:440 [YouTube playlists] Calling playlists.list?mine=true
youtube-upload.js:300 [YouTube channel defaults] API response received {tags: Array(6)}
youtube-upload.js:443 [YouTube playlists] API response received {count: 9, playlists: Array(9)}
AudioRecorder.ts:242 [AudioRecorder] Stopped visualization
YouTubeUploader.ts:536 
        
        
       POST https://www.googleapis.com/upload/youtube/v3/videos?uploadType=resumable&part=snippet%2Cstatus&notifySubscribers=false 400 (Bad Request)
startResumableSession @ YouTubeUploader.ts:536
upload @ YouTubeUploader.ts:440
uploadDirect @ youtube-upload.js:1163
uploadTask @ pipeline.js:2815
executePipelineTask @ pipeline.js:2863
runPipeline @ pipeline.js:3133
(anonymous) @ pipeline.js:4609
pipeline.js:3151 Pipeline failed: YouTubeUploadError: Unable to start YouTube upload session: Media type 'audio/wav' is not supported.  (HTTP 400)
    at YouTubeUploader.createError (YouTubeUploader.ts:624:12)
    at async YouTubeUploader.startResumableSession (YouTubeUploader.ts:549:13)
    at async YouTubeUploader.upload (YouTubeUploader.ts:440:23)
    at async Object.uploadDirect (youtube-upload.js:1163:14)
    at async executePipelineTask (pipeline.js:2863:22)
    at async runPipeline (pipeline.js:3133:24)
runPipeline @ pipeline.js:3151
await in runPipeline
(anonymous) @ pipeline.js:4609
AudioRecorder.ts:242 [AudioRecorder] Started visualization
AudioRecorder.ts:242 [AudioRecorder] Page hidden, switching to timer-based visualization
AudioRecorder.ts:242 [AudioRecorder] Started timer fallback visualization with polling interval: 16
AudioRecorder.ts:242 [AudioRecorder] Page visible, switching to requestAnimationFrame
AudioRecorder.ts:242 [AudioRecorder] Stopped timer fallback visualization
AudioRecorder.ts:242 [AudioRecorder] Started visualization
AudioRecorder.ts:242 [AudioRecorder] Page hidden, switching to timer-based visualization
AudioRecorder.ts:242 [AudioRecorder] Started timer fallback visualization with polling interval: 16
AudioRecorder.ts:242 [AudioRecorder] Page visible, switching to requestAnimationFrame
AudioRecorder.ts:242 [AudioRecorder] Stopped timer fallback visualization
AudioRecorder.ts:242 [AudioRecorder] Started visualization
