
> audio-recorder-with-visualization@1.0.0 test:e2e
> cypress run --spec cypress/e2e/pipeline-album-rendering.cy.js --config video=false


DevTools listening on ws://127.0.0.1:36981/devtools/browser/4c27dd25-d0d7-4481-8e5b-591673a143bf

================================================================================

  (Run Starting)

  ┌────────────────────────────────────────────────────────────────────────────────────────────────┐
  │ Cypress:        15.8.1                                                                         │
  │ Browser:        Electron 138 (headless)                                                        │
  │ Node Version:   v20.20.2 (/home/box/.nvm/versions/node/v20.20.2/bin/node)                      │
  │ Specs:          1 found (pipeline-album-rendering.cy.js)                                       │
  │ Searched:       cypress/e2e/pipeline-album-rendering.cy.js                                     │
  └────────────────────────────────────────────────────────────────────────────────────────────────┘


────────────────────────────────────────────────────────────────────────────────────────────────────

  Running:  pipeline-album-rendering.cy.js                                                  (1 of 1)


  Pipeline album rendering
    ✓ pauses the preview loop and stitches the two completed track videos (2408ms)


  1 passing (3s)


  (Results)

  ┌────────────────────────────────────────────────────────────────────────────────────────────────┐
  │ Tests:        1                                                                                │
  │ Passing:      1                                                                                │
  │ Failing:      0                                                                                │
  │ Pending:      0                                                                                │
  │ Skipped:      0                                                                                │
  │ Screenshots:  0                                                                                │
  │ Video:        true                                                                             │
  │ Duration:     2 seconds                                                                        │
  │ Spec Ran:     pipeline-album-rendering.cy.js                                                   │
  └────────────────────────────────────────────────────────────────────────────────────────────────┘


  (Video)

  -  Video output: /tmp/gh-issue-solver-1784648091699/cypress/videos/pipeline-album-rendering.cy.js.mp4


================================================================================

  (Run Finished)


       Spec                                              Tests  Passing  Failing  Pending  Skipped
  ┌────────────────────────────────────────────────────────────────────────────────────────────────┐
  │ ✔  pipeline-album-rendering.cy.js           00:02        1        1        -        -        - │
  └────────────────────────────────────────────────────────────────────────────────────────────────┘
    ✔  All specs passed!                        00:02        1        1        -        -        -
