
DevTools listening on ws://127.0.0.1:46209/devtools/browser/046c2d17-749f-4eaf-b908-01ad31817432

================================================================================

  (Run Starting)

  ┌────────────────────────────────────────────────────────────────────────────────────────────────┐
  │ Cypress:        15.8.1                                                                         │
  │ Browser:        Electron 138 (headless)                                                        │
  │ Node Version:   v20.20.2 (/home/box/.nvm/versions/node/v20.20.2/bin/node)                      │
  │ Specs:          1 found (youtube-upload-ui.cy.js)                                              │
  │ Searched:       cypress/e2e/youtube-upload-ui.cy.js                                            │
  └────────────────────────────────────────────────────────────────────────────────────────────────┘


────────────────────────────────────────────────────────────────────────────────────────────────────
                                                                                                    
  Running:  youtube-upload-ui.cy.js                                                         (1 of 1)


  YouTube Upload UI
    ✓ shows an upload button beside the generated recording download action (1415ms)
    ✓ offers to reopen file origins on localhost before Google sign-in (1101ms)
    ✓ explains invalid OAuth client IDs before Google sign-in (1512ms)
    ✓ opens Google Cloud OAuth setup guidance with the current origin (1188ms)
    ✓ explains Google invalid_client responses with origin setup guidance (1696ms)
    ✓ uses Electron native OAuth instead of the browser Google token flow (1966ms)
    ✓ restores Electron Google authorization with the saved client ID before showing the auth form (1061ms)
    ✓ restores saved Google authorization after a restart (1035ms)
    ✓ refreshes cached YouTube playlists from the API on app startup (1092ms)
    ✓ loads existing YouTube playlists and creates a new playlist by title (2460ms)
    ✓ signs out from Google authorization settings (1158ms)
    ✓ authorizes with Google and uploads metadata with the short tag enabled (5232ms)
    ✓ remembers upload form options from the last upload attempt (4807ms)
    ✓ shows a timezone selector in the upload modal (1060ms)
    ✓ uses the selected timezone when computing the scheduled publish time (2902ms)
    ✓ restores the saved timezone in the upload modal (1018ms)
    ✓ keeps the upload form open when text selection ends outside the form (2565ms)
    1) shows Google account and timezone fields in the Settings modal
    2) saves OAuth client ID entered in Settings to the auth modal
    3) persists the Desktop Client Secret from Settings across page reloads
    ✓ shows Desktop Client Secret from Settings in the auth modal (1092ms)
    4) saves the Settings timezone and pre-selects it in the upload modal
    ✓ fills upload tags from the signed-in YouTube channel defaults (930ms)


  19 passing (1m)
  4 failing

  1) YouTube Upload UI
       shows Google account and timezone fields in the Settings modal:
     CypressError: Timed out retrying after 10050ms: `cy.click()` failed because this element:

          `<button type="button" class="preset-icon-btn preset-settings-btn" id="presetSettingsBtn" data-tooltip="Settings" aria-label="Settings">⚙️</button>`

          has CSS `pointer-events: none`, inherited from this element:

`<aside class="preset-sidebar" id="presetSidebar" aria-label="Preset sidebar">...</aside>`

          `pointer-events: none` prevents user mouse interaction.

          Fix this problem, or use {force: true} to disable error checking.

https://on.cypress.io/element-cannot-be-interacted-with
      at ensureElDoesNotHaveCSS (http://localhost:8080/__cypress/runner/cypress_runner.js:114938:66)
      at ensureDescendents (http://localhost:8080/__cypress/runner/cypress_runner.js:115046:5)
      at ensureDescendentsAndScroll (http://localhost:8080/__cypress/runner/cypress_runner.js:115054:14)
      at ensureElIsNotCovered (http://localhost:8080/__cypress/runner/cypress_runner.js:115185:5)
      at runAllChecks (http://localhost:8080/__cypress/runner/cypress_runner.js:115384:52)
      at retryActionability (http://localhost:8080/__cypress/runner/cypress_runner.js:115421:16)
      at tryCatcher (http://localhost:8080/__cypress/runner/cypress_runner.js:1777:23)
      at Promise.attempt.Promise.try (http://localhost:8080/__cypress/runner/cypress_runner.js:4285:29)
      at whenStable (http://localhost:8080/__cypress/runner/cypress_runner.js:151724:68)
      at <unknown> (http://localhost:8080/__cypress/runner/cypress_runner.js:151665:14)
      at tryCatcher (http://localhost:8080/__cypress/runner/cypress_runner.js:1777:23)
      at Promise._settlePromiseFromHandler (http://localhost:8080/__cypress/runner/cypress_runner.js:1489:31)
      at Promise._settlePromise (http://localhost:8080/__cypress/runner/cypress_runner.js:1546:18)
      at Promise._settlePromise0 (http://localhost:8080/__cypress/runner/cypress_runner.js:1591:10)
      at Promise._settlePromises (http://localhost:8080/__cypress/runner/cypress_runner.js:1671:18)
      at Promise._fulfill (http://localhost:8080/__cypress/runner/cypress_runner.js:1615:18)
      at <unknown> (http://localhost:8080/__cypress/runner/cypress_runner.js:5420:46)

  2) YouTube Upload UI
       saves OAuth client ID entered in Settings to the auth modal:
     CypressError: Timed out retrying after 10050ms: `cy.click()` failed because this element:

          `<button type="button" class="preset-icon-btn preset-settings-btn" id="presetSettingsBtn" data-tooltip="Settings" aria-label="Settings">⚙️</button>`

          has CSS `pointer-events: none`, inherited from this element:

`<aside class="preset-sidebar" id="presetSidebar" aria-label="Preset sidebar">...</aside>`

          `pointer-events: none` prevents user mouse interaction.

          Fix this problem, or use {force: true} to disable error checking.

https://on.cypress.io/element-cannot-be-interacted-with
      at ensureElDoesNotHaveCSS (http://localhost:8080/__cypress/runner/cypress_runner.js:114938:66)
      at ensureDescendents (http://localhost:8080/__cypress/runner/cypress_runner.js:115046:5)
      at ensureDescendentsAndScroll (http://localhost:8080/__cypress/runner/cypress_runner.js:115054:14)
      at ensureElIsNotCovered (http://localhost:8080/__cypress/runner/cypress_runner.js:115185:5)
      at runAllChecks (http://localhost:8080/__cypress/runner/cypress_runner.js:115384:52)
      at retryActionability (http://localhost:8080/__cypress/runner/cypress_runner.js:115421:16)
      at tryCatcher (http://localhost:8080/__cypress/runner/cypress_runner.js:1777:23)
      at Promise.attempt.Promise.try (http://localhost:8080/__cypress/runner/cypress_runner.js:4285:29)
      at whenStable (http://localhost:8080/__cypress/runner/cypress_runner.js:151724:68)
      at <unknown> (http://localhost:8080/__cypress/runner/cypress_runner.js:151665:14)
      at tryCatcher (http://localhost:8080/__cypress/runner/cypress_runner.js:1777:23)
      at Promise._settlePromiseFromHandler (http://localhost:8080/__cypress/runner/cypress_runner.js:1489:31)
      at Promise._settlePromise (http://localhost:8080/__cypress/runner/cypress_runner.js:1546:18)
      at Promise._settlePromise0 (http://localhost:8080/__cypress/runner/cypress_runner.js:1591:10)
      at Promise._settlePromises (http://localhost:8080/__cypress/runner/cypress_runner.js:1671:18)
      at Promise._fulfill (http://localhost:8080/__cypress/runner/cypress_runner.js:1615:18)
      at <unknown> (http://localhost:8080/__cypress/runner/cypress_runner.js:5420:46)

  3) YouTube Upload UI
       persists the Desktop Client Secret from Settings across page reloads:
     CypressError: Timed out retrying after 10050ms: `cy.click()` failed because this element:

          `<button type="button" class="preset-icon-btn preset-settings-btn" id="presetSettingsBtn" data-tooltip="Settings" aria-label="Settings">⚙️</button>`

          has CSS `pointer-events: none`, inherited from this element:

`<aside class="preset-sidebar" id="presetSidebar" aria-label="Preset sidebar">...</aside>`

          `pointer-events: none` prevents user mouse interaction.

          Fix this problem, or use {force: true} to disable error checking.

https://on.cypress.io/element-cannot-be-interacted-with
      at ensureElDoesNotHaveCSS (http://localhost:8080/__cypress/runner/cypress_runner.js:114938:66)
      at ensureDescendents (http://localhost:8080/__cypress/runner/cypress_runner.js:115046:5)
      at ensureDescendentsAndScroll (http://localhost:8080/__cypress/runner/cypress_runner.js:115054:14)
      at ensureElIsNotCovered (http://localhost:8080/__cypress/runner/cypress_runner.js:115185:5)
      at runAllChecks (http://localhost:8080/__cypress/runner/cypress_runner.js:115384:52)
      at retryActionability (http://localhost:8080/__cypress/runner/cypress_runner.js:115421:16)
      at tryCatcher (http://localhost:8080/__cypress/runner/cypress_runner.js:1777:23)
      at Promise.attempt.Promise.try (http://localhost:8080/__cypress/runner/cypress_runner.js:4285:29)
      at whenStable (http://localhost:8080/__cypress/runner/cypress_runner.js:151724:68)
      at <unknown> (http://localhost:8080/__cypress/runner/cypress_runner.js:151665:14)
      at tryCatcher (http://localhost:8080/__cypress/runner/cypress_runner.js:1777:23)
      at Promise._settlePromiseFromHandler (http://localhost:8080/__cypress/runner/cypress_runner.js:1489:31)
      at Promise._settlePromise (http://localhost:8080/__cypress/runner/cypress_runner.js:1546:18)
      at Promise._settlePromise0 (http://localhost:8080/__cypress/runner/cypress_runner.js:1591:10)
      at Promise._settlePromises (http://localhost:8080/__cypress/runner/cypress_runner.js:1671:18)
      at Promise._fulfill (http://localhost:8080/__cypress/runner/cypress_runner.js:1615:18)
      at <unknown> (http://localhost:8080/__cypress/runner/cypress_runner.js:5420:46)

  4) YouTube Upload UI
       saves the Settings timezone and pre-selects it in the upload modal:
     CypressError: Timed out retrying after 10050ms: `cy.click()` failed because this element:

          `<button type="button" class="preset-icon-btn preset-settings-btn" id="presetSettingsBtn" data-tooltip="Settings" aria-label="Settings">⚙️</button>`

          has CSS `pointer-events: none`, inherited from this element:

`<aside class="preset-sidebar" id="presetSidebar" aria-label="Preset sidebar">...</aside>`

          `pointer-events: none` prevents user mouse interaction.

          Fix this problem, or use {force: true} to disable error checking.

https://on.cypress.io/element-cannot-be-interacted-with
      at ensureElDoesNotHaveCSS (http://localhost:8080/__cypress/runner/cypress_runner.js:114938:66)
      at ensureDescendents (http://localhost:8080/__cypress/runner/cypress_runner.js:115046:5)
      at ensureDescendentsAndScroll (http://localhost:8080/__cypress/runner/cypress_runner.js:115054:14)
      at ensureElIsNotCovered (http://localhost:8080/__cypress/runner/cypress_runner.js:115185:5)
      at runAllChecks (http://localhost:8080/__cypress/runner/cypress_runner.js:115384:52)
      at retryActionability (http://localhost:8080/__cypress/runner/cypress_runner.js:115421:16)
      at tryCatcher (http://localhost:8080/__cypress/runner/cypress_runner.js:1777:23)
      at Promise.attempt.Promise.try (http://localhost:8080/__cypress/runner/cypress_runner.js:4285:29)
      at whenStable (http://localhost:8080/__cypress/runner/cypress_runner.js:151724:68)
      at <unknown> (http://localhost:8080/__cypress/runner/cypress_runner.js:151665:14)
      at tryCatcher (http://localhost:8080/__cypress/runner/cypress_runner.js:1777:23)
      at Promise._settlePromiseFromHandler (http://localhost:8080/__cypress/runner/cypress_runner.js:1489:31)
      at Promise._settlePromise (http://localhost:8080/__cypress/runner/cypress_runner.js:1546:18)
      at Promise._settlePromise0 (http://localhost:8080/__cypress/runner/cypress_runner.js:1591:10)
      at Promise._settlePromises (http://localhost:8080/__cypress/runner/cypress_runner.js:1671:18)
      at Promise._fulfill (http://localhost:8080/__cypress/runner/cypress_runner.js:1615:18)
      at <unknown> (http://localhost:8080/__cypress/runner/cypress_runner.js:5420:46)




  (Results)

  ┌────────────────────────────────────────────────────────────────────────────────────────────────┐
  │ Tests:        23                                                                               │
  │ Passing:      19                                                                               │
  │ Failing:      4                                                                                │
  │ Pending:      0                                                                                │
  │ Skipped:      0                                                                                │
  │ Screenshots:  4                                                                                │
  │ Video:        true                                                                             │
  │ Duration:     1 minute, 21 seconds                                                             │
  │ Spec Ran:     youtube-upload-ui.cy.js                                                          │
  └────────────────────────────────────────────────────────────────────────────────────────────────┘


  (Screenshots)

  -  /tmp/gh-issue-solver-1782476462250/cypress/screenshots/youtube-upload-ui.cy.js/Y     (1280x720)
     ouTube Upload UI -- shows Google account and timezone fields in the Settings mod               
     al (failed).png                                                                                
  -  /tmp/gh-issue-solver-1782476462250/cypress/screenshots/youtube-upload-ui.cy.js/Y     (1280x720)
     ouTube Upload UI -- saves OAuth client ID entered in Settings to the auth modal                
     (failed).png                                                                                   
  -  /tmp/gh-issue-solver-1782476462250/cypress/screenshots/youtube-upload-ui.cy.js/Y     (1280x720)
     ouTube Upload UI -- persists the Desktop Client Secret from Settings across page               
      reloads (failed).png                                                                          
  -  /tmp/gh-issue-solver-1782476462250/cypress/screenshots/youtube-upload-ui.cy.js/Y     (1280x720)
     ouTube Upload UI -- saves the Settings timezone and pre-selects it in the upload               
      modal (failed).png                                                                            


  (Video)

  -  Video output: /tmp/gh-issue-solver-1782476462250/cypress/videos/youtube-upload-ui.cy.js.mp4


================================================================================

  (Run Finished)


       Spec                                              Tests  Passing  Failing  Pending  Skipped  
  ┌────────────────────────────────────────────────────────────────────────────────────────────────┐
  │ ✖  youtube-upload-ui.cy.js                  01:21       23       19        4        -        - │
  └────────────────────────────────────────────────────────────────────────────────────────────────┘
    ✖  1 of 1 failed (100%)                     01:21       23       19        4        -        -  

