
DevTools listening on ws://127.0.0.1:42307/devtools/browser/d28e8beb-0eb9-4d36-a775-46a56be6fb79

================================================================================

  (Run Starting)

  ┌────────────────────────────────────────────────────────────────────────────────────────────────┐
  │ Cypress:        15.8.1                                                                         │
  │ Browser:        Electron 138 (headless)                                                        │
  │ Node Version:   v20.20.2 (/home/box/.nvm/versions/node/v20.20.2/bin/node)                      │
  │ Specs:          1 found (pipeline-mode.cy.js)                                                  │
  │ Searched:       cypress/e2e/pipeline-mode.cy.js                                                │
  └────────────────────────────────────────────────────────────────────────────────────────────────┘


────────────────────────────────────────────────────────────────────────────────────────────────────
                                                                                                    
  Running:  pipeline-mode.cy.js                                                             (1 of 1)


  Pipeline Mode
    ✓ seeds and persists the default release pipeline with a right sidebar (4356ms)
    1) shows a fixed numbered stage navigator that scrolls to pipeline stages without narrowing cards
    ✓ keeps the stage navigator fixed at the bottom of the viewport on narrow screens (1093ms)
    ✓ requires files before running and resets selected fields with a hold action (2788ms)
    ✓ asks for and persists a timezone when delayed publishing is first used (2131ms)
    ✓ uses saved visualization presets and disables inactive timing fields (1137ms)
    2) keeps relative publish dates current when the reference date changes
    ✓ loads sidebar presets stored as flat setting objects (2035ms)
    ✓ updates pipeline preset choices when the sidebar loads saved presets after startup (1833ms)
    ✓ updates pipeline preset choices immediately after saving a new preset (3128ms)
    ✓ updates pipeline preset choices when preset persistence fails but the in-memory preset is saved (2699ms)
    ✓ shows image-backed visualization previews for vertical stages and landscape album tracks (1073ms)
    ✓ applies preset visualization offsets to generated tooltip previews (1015ms)
    ✓ shows fetched YouTube playlists in pipeline stages and creates playlists by name (2535ms)
    ✓ replaces stale cached YouTube playlists in pipeline stages after restart (1785ms)
    ✓ creates a pipeline playlist after YouTube helpers become available post-render (2271ms)
    ✓ blocks out-of-order YouTube uploads by default and allows manual order from settings (1373ms)
    ✓ deletes a stage only after confirmation (2046ms)
    ✓ shows release type controls on stages added after clearing the pipeline (1448ms)
    ✓ keeps YouTube upload options separate for each stage (4574ms)
    ✓ turns selected album files into ordered editable tracks (1382ms)
    3) adds a dependent full album stage with its own schedule and generated timestamps
    ✓ schedules regular release posts from ordered files and cycle slots (3048ms)
    ✓ resets added files from a stage without opening the full reset modal (1139ms)
    ✓ labels pipeline YouTube checkboxes and generated controls with tooltips (1166ms)
    ✓ runs visualization-only stages through the converter (3031ms)
    ✓ uploads direct YouTube stages with stage metadata when already signed in (5097ms)
    ✓ keeps generated tooltip boxes inside the viewport (1124ms)
    ✓ renames, deletes, and reorders saved pipelines from the sidebar (2814ms)


  26 passing (2m)
  3 failing

  1) Pipeline Mode
       shows a fixed numbered stage navigator that scrolls to pipeline stages without narrowing cards:
     AssertionError: Timed out retrying after 10000ms: expected '<button.pipeline-stage-nav-btn>' to have class 'is-active'
      at Context.eval (webpack://audio-recorder-with-visualization/./cypress/e2e/pipeline-mode.cy.js:256:9)
      at getRet (http://localhost:8080/__cypress/runner/cypress_runner.js:122653:20)
      at tryCatcher (http://localhost:8080/__cypress/runner/cypress_runner.js:1777:23)
      at Promise.attempt.Promise.try (http://localhost:8080/__cypress/runner/cypress_runner.js:4285:29)
      at Context.thenFn (http://localhost:8080/__cypress/runner/cypress_runner.js:122664:66)
      at Context.then (http://localhost:8080/__cypress/runner/cypress_runner.js:122915:21)
      at wrapped (http://localhost:8080/__cypress/runner/cypress_runner.js:146027:19)

  2) Pipeline Mode
       keeps relative publish dates current when the reference date changes:

      Timed out retrying after 10000ms
      + expected - actual

      -'2026-07-01T12:35'
      +'2026-08-08T18:00'
      
      at Context.eval (webpack://audio-recorder-with-visualization/./cypress/e2e/pipeline-mode.cy.js:396:7)

  3) Pipeline Mode
       adds a dependent full album stage with its own schedule and generated timestamps:
     AssertionError: Timed out retrying after 10000ms: expected '00:00 - track one\n00:00 - track two' to include '01:15 - track two'
      at Context.eval (webpack://audio-recorder-with-visualization/./cypress/e2e/pipeline-mode.cy.js:954:37)
      at <unknown> (http://localhost:8080/__cypress/runner/cypress_runner.js:122074:17)
      at tryCatcher (http://localhost:8080/__cypress/runner/cypress_runner.js:1777:23)
      at Promise.attempt.Promise.try (http://localhost:8080/__cypress/runner/cypress_runner.js:4285:29)
      at Context.shouldFnWithCallback (http://localhost:8080/__cypress/runner/cypress_runner.js:122071:66)
      at Context.shouldFn (http://localhost:8080/__cypress/runner/cypress_runner.js:122114:37)




  (Results)

  ┌────────────────────────────────────────────────────────────────────────────────────────────────┐
  │ Tests:        29                                                                               │
  │ Passing:      26                                                                               │
  │ Failing:      3                                                                                │
  │ Pending:      0                                                                                │
  │ Skipped:      0                                                                                │
  │ Screenshots:  3                                                                                │
  │ Video:        true                                                                             │
  │ Duration:     1 minute, 39 seconds                                                             │
  │ Spec Ran:     pipeline-mode.cy.js                                                              │
  └────────────────────────────────────────────────────────────────────────────────────────────────┘


  (Screenshots)

  -  /tmp/gh-issue-solver-1782476462250/cypress/screenshots/pipeline-mode.cy.js/Pipel     (1280x720)
     ine Mode -- shows a fixed numbered stage navigator that scrolls to pipeline stag               
     es without narrowing cards (failed).png                                                        
  -  /tmp/gh-issue-solver-1782476462250/cypress/screenshots/pipeline-mode.cy.js/Pipel     (1280x720)
     ine Mode -- keeps relative publish dates current when the reference date changes               
      (failed).png                                                                                  
  -  /tmp/gh-issue-solver-1782476462250/cypress/screenshots/pipeline-mode.cy.js/Pipel     (1280x720)
     ine Mode -- adds a dependent full album stage with its own schedule and generate               
     d timestamps (failed).png                                                                      


  (Video)

  -  Video output: /tmp/gh-issue-solver-1782476462250/cypress/videos/pipeline-mode.cy.js.mp4


================================================================================

  (Run Finished)


       Spec                                              Tests  Passing  Failing  Pending  Skipped  
  ┌────────────────────────────────────────────────────────────────────────────────────────────────┐
  │ ✖  pipeline-mode.cy.js                      01:39       29       26        3        -        - │
  └────────────────────────────────────────────────────────────────────────────────────────────────┘
    ✖  1 of 1 failed (100%)                     01:39       29       26        3        -        -  

