
DevTools listening on ws://127.0.0.1:38643/devtools/browser/f278ed9b-eaa8-4bb0-80e0-6d9463ee587d

================================================================================

  (Run Starting)

  ┌────────────────────────────────────────────────────────────────────────────────────────────────┐
  │ Cypress:        15.8.1                                                                         │
  │ Browser:        Electron 138 (headless)                                                        │
  │ Node Version:   v20.20.2 (/home/box/.nvm/versions/node/v20.20.2/bin/node)                      │
  │ Specs:          1 found (batch-visualization.cy.js)                                            │
  │ Searched:       cypress/e2e/batch-visualization.cy.js                                          │
  └────────────────────────────────────────────────────────────────────────────────────────────────┘


────────────────────────────────────────────────────────────────────────────────────────────────────
                                                                                                    
  Running:  batch-visualization.cy.js                                                       (1 of 1)


  Batch Visualization Mode
    ✓ allows selecting multiple audio files for conversion (414ms)
    ✓ shows a disabled Save All button until recordings exist (285ms)
    ✓ uses one Electron batch save request for Save All (312ms)
    ✓ names every MP4 batch recording from the actual rendered blob type (233ms)
    ✓ uses the selected output format for every file in a batch (246ms)


  5 passing (2s)


  (Results)

  ┌────────────────────────────────────────────────────────────────────────────────────────────────┐
  │ Tests:        5                                                                                │
  │ Passing:      5                                                                                │
  │ Failing:      0                                                                                │
  │ Pending:      0                                                                                │
  │ Skipped:      0                                                                                │
  │ Screenshots:  0                                                                                │
  │ Video:        true                                                                             │
  │ Duration:     1 second                                                                         │
  │ Spec Ran:     batch-visualization.cy.js                                                        │
  └────────────────────────────────────────────────────────────────────────────────────────────────┘


  (Video)

  -  Video output: /tmp/gh-issue-solver-1780776649354/cypress/videos/batch-visualization.cy.js.mp4


================================================================================

  (Run Finished)


       Spec                                              Tests  Passing  Failing  Pending  Skipped  
  ┌────────────────────────────────────────────────────────────────────────────────────────────────┐
  │ ✔  batch-visualization.cy.js                00:01        5        5        -        -        - │
  └────────────────────────────────────────────────────────────────────────────────────────────────┘
    ✔  All specs passed!                        00:01        5        5        -        -        -  

