Starting up http-server, serving .

http-server version: 14.1.1

http-server settings: 
CORS: disabled
Cache: -1 seconds
Connection Timeout: 120 seconds
Directory Listings: visible
AutoIndex: visible
Serve GZIP Files: false
Serve Brotli Files: false
Default File Extension: none

Available on:
  http://127.0.0.1:8081
  http://172.17.0.2:8081
Hit CTRL-C to stop the server

[2026-06-06T20:15:45.592Z]  "GET /examples/index.html" "Mozilla/5.0 (X11; Linux x86_64) AppleWebKit/537.36 (KHTML, like Gecko) Cypress/15.8.1 Chrome/138.0.7204.251 Electron/37.6.0 Safari/537.36"
(node:1548944) [DEP0066] DeprecationWarning: OutgoingMessage.prototype._headers is deprecated
(Use `node --trace-deprecation ...` to show where the warning was created)
[2026-06-06T20:15:45.713Z]  "GET /examples/styles.css" "Mozilla/5.0 (X11; Linux x86_64) AppleWebKit/537.36 (KHTML, like Gecko) Cypress/15.8.1 Chrome/138.0.7204.251 Electron/37.6.0 Safari/537.36"
[2026-06-06T20:15:45.723Z]  "GET /dist/audio-recorder-visualization.umd.js" "Mozilla/5.0 (X11; Linux x86_64) AppleWebKit/537.36 (KHTML, like Gecko) Cypress/15.8.1 Chrome/138.0.7204.251 Electron/37.6.0 Safari/537.36"
[2026-06-06T20:15:45.724Z]  "GET /examples/app-core.js" "Mozilla/5.0 (X11; Linux x86_64) AppleWebKit/537.36 (KHTML, like Gecko) Cypress/15.8.1 Chrome/138.0.7204.251 Electron/37.6.0 Safari/537.36"
[2026-06-06T20:15:45.725Z]  "GET /examples/app-features.js" "Mozilla/5.0 (X11; Linux x86_64) AppleWebKit/537.36 (KHTML, like Gecko) Cypress/15.8.1 Chrome/138.0.7204.251 Electron/37.6.0 Safari/537.36"
[2026-06-06T20:15:45.725Z]  "GET /examples/app-interactions.js" "Mozilla/5.0 (X11; Linux x86_64) AppleWebKit/537.36 (KHTML, like Gecko) Cypress/15.8.1 Chrome/138.0.7204.251 Electron/37.6.0 Safari/537.36"
[2026-06-06T20:15:45.726Z]  "GET /examples/youtube-upload.js" "Mozilla/5.0 (X11; Linux x86_64) AppleWebKit/537.36 (KHTML, like Gecko) Cypress/15.8.1 Chrome/138.0.7204.251 Electron/37.6.0 Safari/537.36"
[2026-06-06T20:15:46.024Z]  "GET /examples/index.html" "Mozilla/5.0 (X11; Linux x86_64) AppleWebKit/537.36 (KHTML, like Gecko) Cypress/15.8.1 Chrome/138.0.7204.251 Electron/37.6.0 Safari/537.36"
[2026-06-06T20:15:46.057Z]  "GET /examples/styles.css" "Mozilla/5.0 (X11; Linux x86_64) AppleWebKit/537.36 (KHTML, like Gecko) Cypress/15.8.1 Chrome/138.0.7204.251 Electron/37.6.0 Safari/537.36"
[2026-06-06T20:15:46.063Z]  "GET /dist/audio-recorder-visualization.umd.js" "Mozilla/5.0 (X11; Linux x86_64) AppleWebKit/537.36 (KHTML, like Gecko) Cypress/15.8.1 Chrome/138.0.7204.251 Electron/37.6.0 Safari/537.36"
[2026-06-06T20:15:46.065Z]  "GET /examples/app-core.js" "Mozilla/5.0 (X11; Linux x86_64) AppleWebKit/537.36 (KHTML, like Gecko) Cypress/15.8.1 Chrome/138.0.7204.251 Electron/37.6.0 Safari/537.36"
[2026-06-06T20:15:46.066Z]  "GET /examples/app-features.js" "Mozilla/5.0 (X11; Linux x86_64) AppleWebKit/537.36 (KHTML, like Gecko) Cypress/15.8.1 Chrome/138.0.7204.251 Electron/37.6.0 Safari/537.36"
[2026-06-06T20:15:46.075Z]  "GET /examples/app-interactions.js" "Mozilla/5.0 (X11; Linux x86_64) AppleWebKit/537.36 (KHTML, like Gecko) Cypress/15.8.1 Chrome/138.0.7204.251 Electron/37.6.0 Safari/537.36"
[2026-06-06T20:15:46.076Z]  "GET /examples/youtube-upload.js" "Mozilla/5.0 (X11; Linux x86_64) AppleWebKit/537.36 (KHTML, like Gecko) Cypress/15.8.1 Chrome/138.0.7204.251 Electron/37.6.0 Safari/537.36"
[2026-06-06T20:15:46.326Z]  "GET /examples/index.html" "Mozilla/5.0 (X11; Linux x86_64) AppleWebKit/537.36 (KHTML, like Gecko) Cypress/15.8.1 Chrome/138.0.7204.251 Electron/37.6.0 Safari/537.36"
[2026-06-06T20:15:46.354Z]  "GET /examples/styles.css" "Mozilla/5.0 (X11; Linux x86_64) AppleWebKit/537.36 (KHTML, like Gecko) Cypress/15.8.1 Chrome/138.0.7204.251 Electron/37.6.0 Safari/537.36"
[2026-06-06T20:15:46.356Z]  "GET /dist/audio-recorder-visualization.umd.js" "Mozilla/5.0 (X11; Linux x86_64) AppleWebKit/537.36 (KHTML, like Gecko) Cypress/15.8.1 Chrome/138.0.7204.251 Electron/37.6.0 Safari/537.36"
[2026-06-06T20:15:46.357Z]  "GET /examples/app-core.js" "Mozilla/5.0 (X11; Linux x86_64) AppleWebKit/537.36 (KHTML, like Gecko) Cypress/15.8.1 Chrome/138.0.7204.251 Electron/37.6.0 Safari/537.36"
[2026-06-06T20:15:46.359Z]  "GET /examples/app-features.js" "Mozilla/5.0 (X11; Linux x86_64) AppleWebKit/537.36 (KHTML, like Gecko) Cypress/15.8.1 Chrome/138.0.7204.251 Electron/37.6.0 Safari/537.36"
[2026-06-06T20:15:46.359Z]  "GET /examples/app-interactions.js" "Mozilla/5.0 (X11; Linux x86_64) AppleWebKit/537.36 (KHTML, like Gecko) Cypress/15.8.1 Chrome/138.0.7204.251 Electron/37.6.0 Safari/537.36"
[2026-06-06T20:15:46.360Z]  "GET /examples/youtube-upload.js" "Mozilla/5.0 (X11; Linux x86_64) AppleWebKit/537.36 (KHTML, like Gecko) Cypress/15.8.1 Chrome/138.0.7204.251 Electron/37.6.0 Safari/537.36"
[2026-06-06T20:15:46.658Z]  "GET /examples/index.html" "Mozilla/5.0 (X11; Linux x86_64) AppleWebKit/537.36 (KHTML, like Gecko) Cypress/15.8.1 Chrome/138.0.7204.251 Electron/37.6.0 Safari/537.36"
[2026-06-06T20:15:46.694Z]  "GET /examples/styles.css" "Mozilla/5.0 (X11; Linux x86_64) AppleWebKit/537.36 (KHTML, like Gecko) Cypress/15.8.1 Chrome/138.0.7204.251 Electron/37.6.0 Safari/537.36"
[2026-06-06T20:15:46.694Z]  "GET /dist/audio-recorder-visualization.umd.js" "Mozilla/5.0 (X11; Linux x86_64) AppleWebKit/537.36 (KHTML, like Gecko) Cypress/15.8.1 Chrome/138.0.7204.251 Electron/37.6.0 Safari/537.36"
[2026-06-06T20:15:46.694Z]  "GET /examples/app-core.js" "Mozilla/5.0 (X11; Linux x86_64) AppleWebKit/537.36 (KHTML, like Gecko) Cypress/15.8.1 Chrome/138.0.7204.251 Electron/37.6.0 Safari/537.36"
[2026-06-06T20:15:46.696Z]  "GET /examples/app-features.js" "Mozilla/5.0 (X11; Linux x86_64) AppleWebKit/537.36 (KHTML, like Gecko) Cypress/15.8.1 Chrome/138.0.7204.251 Electron/37.6.0 Safari/537.36"
[2026-06-06T20:15:46.697Z]  "GET /examples/app-interactions.js" "Mozilla/5.0 (X11; Linux x86_64) AppleWebKit/537.36 (KHTML, like Gecko) Cypress/15.8.1 Chrome/138.0.7204.251 Electron/37.6.0 Safari/537.36"
[2026-06-06T20:15:46.698Z]  "GET /examples/youtube-upload.js" "Mozilla/5.0 (X11; Linux x86_64) AppleWebKit/537.36 (KHTML, like Gecko) Cypress/15.8.1 Chrome/138.0.7204.251 Electron/37.6.0 Safari/537.36"
[2026-06-06T20:15:46.925Z]  "GET /examples/index.html" "Mozilla/5.0 (X11; Linux x86_64) AppleWebKit/537.36 (KHTML, like Gecko) Cypress/15.8.1 Chrome/138.0.7204.251 Electron/37.6.0 Safari/537.36"
[2026-06-06T20:15:46.952Z]  "GET /examples/styles.css" "Mozilla/5.0 (X11; Linux x86_64) AppleWebKit/537.36 (KHTML, like Gecko) Cypress/15.8.1 Chrome/138.0.7204.251 Electron/37.6.0 Safari/537.36"
[2026-06-06T20:15:46.954Z]  "GET /dist/audio-recorder-visualization.umd.js" "Mozilla/5.0 (X11; Linux x86_64) AppleWebKit/537.36 (KHTML, like Gecko) Cypress/15.8.1 Chrome/138.0.7204.251 Electron/37.6.0 Safari/537.36"
[2026-06-06T20:15:46.955Z]  "GET /examples/app-core.js" "Mozilla/5.0 (X11; Linux x86_64) AppleWebKit/537.36 (KHTML, like Gecko) Cypress/15.8.1 Chrome/138.0.7204.251 Electron/37.6.0 Safari/537.36"
[2026-06-06T20:15:46.957Z]  "GET /examples/app-features.js" "Mozilla/5.0 (X11; Linux x86_64) AppleWebKit/537.36 (KHTML, like Gecko) Cypress/15.8.1 Chrome/138.0.7204.251 Electron/37.6.0 Safari/537.36"
[2026-06-06T20:15:46.957Z]  "GET /examples/app-interactions.js" "Mozilla/5.0 (X11; Linux x86_64) AppleWebKit/537.36 (KHTML, like Gecko) Cypress/15.8.1 Chrome/138.0.7204.251 Electron/37.6.0 Safari/537.36"
[2026-06-06T20:15:46.957Z]  "GET /examples/youtube-upload.js" "Mozilla/5.0 (X11; Linux x86_64) AppleWebKit/537.36 (KHTML, like Gecko) Cypress/15.8.1 Chrome/138.0.7204.251 Electron/37.6.0 Safari/537.36"
