
DevTools listening on ws://127.0.0.1:43041/devtools/browser/73ae67ce-c434-4183-bb23-b851b2e04236

================================================================================

  (Run Starting)

  ┌────────────────────────────────────────────────────────────────────────────────────────────────┐
  │ Cypress:        15.8.1                                                                         │
  │ Browser:        Electron 138 (headless)                                                        │
  │ Node Version:   v20.20.2 (/home/box/.nvm/versions/node/v20.20.2/bin/node)                      │
  │ Specs:          1 found (image-blink-controls.cy.js)                                           │
  │ Searched:       cypress/e2e/image-blink-controls.cy.js                                         │
  └────────────────────────────────────────────────────────────────────────────────────────────────┘


────────────────────────────────────────────────────────────────────────────────────────────────────
                                                                                                    
  Running:  image-blink-controls.cy.js                                                      (1 of 1)


  Image Blink Controls
    ✓ keeps frequency range sliders separated and updates their combined value (2119ms)


  1 passing (2s)


  (Results)

  ┌────────────────────────────────────────────────────────────────────────────────────────────────┐
  │ Tests:        1                                                                                │
  │ Passing:      1                                                                                │
  │ Failing:      0                                                                                │
  │ Pending:      0                                                                                │
  │ Skipped:      0                                                                                │
  │ Screenshots:  0                                                                                │
  │ Video:        true                                                                             │
  │ Duration:     2 seconds                                                                        │
  │ Spec Ran:     image-blink-controls.cy.js                                                       │
  └────────────────────────────────────────────────────────────────────────────────────────────────┘


  (Video)

  -  Video output: /tmp/gh-issue-solver-1780591249004/cypress/videos/image-blink-controls.cy.js.mp4


================================================================================

  (Run Finished)


       Spec                                              Tests  Passing  Failing  Pending  Skipped  
  ┌────────────────────────────────────────────────────────────────────────────────────────────────┐
  │ ✔  image-blink-controls.cy.js               00:02        1        1        -        -        - │
  └────────────────────────────────────────────────────────────────────────────────────────────────┘
    ✔  All specs passed!                        00:02        1        1        -        -        -  

