
> audio-recorder-with-visualization@1.0.0 test:e2e
> cypress run --spec cypress/e2e/pipeline-mode.cy.js


DevTools listening on ws://127.0.0.1:45001/devtools/browser/5fb66394-1085-40ba-bfb7-14a268718998

================================================================================

  (Run Starting)

  ┌────────────────────────────────────────────────────────────────────────────────────────────────┐
  │ Cypress:        15.8.1                                                                         │
  │ Browser:        Electron 138 (headless)                                                        │
  │ Node Version:   v20.20.2 (/home/box/.nvm/versions/node/v20.20.2/bin/node)                      │
  │ Specs:          1 found (pipeline-mode.cy.js)                                                  │
  │ Searched:       cypress/e2e/pipeline-mode.cy.js                                                │
  └────────────────────────────────────────────────────────────────────────────────────────────────┘


────────────────────────────────────────────────────────────────────────────────────────────────────
                                                                                                    
  Running:  pipeline-mode.cy.js                                                             (1 of 1)


  Pipeline Mode
    ✓ seeds and persists the default release pipeline with a right sidebar (2697ms)
    1) shows a fixed numbered stage navigator that scrolls to pipeline stages without narrowing cards
    ✓ keeps the stage navigator fixed at the bottom of the viewport on narrow screens (1005ms)
    ✓ requires files before running and resets selected fields with a hold action (2749ms)
    ✓ asks for and persists a timezone when delayed publishing is first used (2159ms)
    ✓ uses saved visualization presets and disables inactive timing fields (1153ms)
    2) keeps relative publish dates current when the reference date changes
    ✓ loads sidebar presets stored as flat setting objects (1977ms)
    ✓ updates pipeline preset choices when the sidebar loads saved presets after startup (1931ms)
    ✓ updates pipeline preset choices immediately after saving a new preset (3176ms)
    ✓ updates pipeline preset choices when preset persistence fails but the in-memory preset is saved (2659ms)
    ✓ shows image-backed visualization previews for vertical stages and landscape album tracks (1155ms)
    ✓ applies preset visualization offsets to generated tooltip previews (998ms)
    ✓ shows fetched YouTube playlists in pipeline stages and creates playlists by name (2525ms)
    ✓ creates a pipeline playlist after YouTube helpers become available post-render (2341ms)
    ✓ refreshes pipeline playlists after expired Electron authorization is replaced (2163ms)
    ✓ blocks out-of-order YouTube uploads by default and allows manual order from settings (1386ms)
    ✓ deletes a stage only after confirmation (1494ms)
    ✓ shows release type controls on stages added after clearing the pipeline (1090ms)
    ✓ keeps YouTube upload options separate for each stage (3785ms)
    ✓ turns selected album files into ordered editable tracks (1065ms)
    ✓ adds a dependent full album stage with its own schedule and generated timestamps (7491ms)
    ✓ schedules regular release posts from ordered files and cycle slots (2790ms)
    ✓ resets added files from a stage without opening the full reset modal (1055ms)
    ✓ labels pipeline YouTube checkboxes and generated controls with tooltips (1001ms)
    ✓ runs visualization-only stages through the converter (2669ms)
    ✓ uploads direct YouTube stages with stage metadata when already signed in (5116ms)
    ✓ keeps generated tooltip boxes inside the viewport (1326ms)
    ✓ renames, deletes, and reorders saved pipelines from the sidebar (3244ms)


  27 passing (1m)
  2 failing

  1) Pipeline Mode
       shows a fixed numbered stage navigator that scrolls to pipeline stages without narrowing cards:
     AssertionError: Timed out retrying after 10000ms: expected '<button.pipeline-stage-nav-btn>' to have class 'is-active'
      at Context.eval (webpack://audio-recorder-with-visualization/./cypress/e2e/pipeline-mode.cy.js:256:9)
      at getRet (http://localhost:8080/__cypress/runner/cypress_runner.js:122653:20)
      at tryCatcher (http://localhost:8080/__cypress/runner/cypress_runner.js:1777:23)
      at Promise.attempt.Promise.try (http://localhost:8080/__cypress/runner/cypress_runner.js:4285:29)
      at Context.thenFn (http://localhost:8080/__cypress/runner/cypress_runner.js:122664:66)
      at Context.then (http://localhost:8080/__cypress/runner/cypress_runner.js:122915:21)
      at wrapped (http://localhost:8080/__cypress/runner/cypress_runner.js:146027:19)

  2) Pipeline Mode
       keeps relative publish dates current when the reference date changes:

      Timed out retrying after 10000ms
      + expected - actual

      -'2026-07-01T13:48'
      +'2026-08-08T18:00'
      
      at Context.eval (webpack://audio-recorder-with-visualization/./cypress/e2e/pipeline-mode.cy.js:396:7)




  (Results)

  ┌────────────────────────────────────────────────────────────────────────────────────────────────┐
  │ Tests:        29                                                                               │
  │ Passing:      27                                                                               │
  │ Failing:      2                                                                                │
  │ Pending:      0                                                                                │
  │ Skipped:      0                                                                                │
  │ Screenshots:  2                                                                                │
  │ Video:        true                                                                             │
  │ Duration:     1 minute, 27 seconds                                                             │
  │ Spec Ran:     pipeline-mode.cy.js                                                              │
  └────────────────────────────────────────────────────────────────────────────────────────────────┘


  (Screenshots)

  -  /tmp/gh-issue-solver-1782481065710/cypress/screenshots/pipeline-mode.cy.js/Pipel     (1280x720)
     ine Mode -- shows a fixed numbered stage navigator that scrolls to pipeline stag               
     es without narrowing cards (failed).png                                                        
  -  /tmp/gh-issue-solver-1782481065710/cypress/screenshots/pipeline-mode.cy.js/Pipel     (1280x720)
     ine Mode -- keeps relative publish dates current when the reference date changes               
      (failed).png                                                                                  


  (Video)

  -  Video output: /tmp/gh-issue-solver-1782481065710/cypress/videos/pipeline-mode.cy.js.mp4


================================================================================

  (Run Finished)


       Spec                                              Tests  Passing  Failing  Pending  Skipped  
  ┌────────────────────────────────────────────────────────────────────────────────────────────────┐
  │ ✖  pipeline-mode.cy.js                      01:27       29       27        2        -        - │
  └────────────────────────────────────────────────────────────────────────────────────────────────┘
    ✖  1 of 1 failed (100%)                     01:27       29       27        2        -        -  

