
DevTools listening on ws://127.0.0.1:34821/devtools/browser/0eeb13ed-0566-4a6d-827b-451101c10642

================================================================================

  (Run Starting)

  ┌────────────────────────────────────────────────────────────────────────────────────────────────┐
  │ Cypress:        15.8.1                                                                         │
  │ Browser:        Electron 138 (headless)                                                        │
  │ Node Version:   v20.20.2 (/home/box/.nvm/versions/node/v20.20.2/bin/node)                      │
  │ Specs:          1 found (preset-management.cy.js)                                              │
  │ Searched:       cypress/e2e/preset-management.cy.js                                            │
  └────────────────────────────────────────────────────────────────────────────────────────────────┘


────────────────────────────────────────────────────────────────────────────────────────────────────

  Running:  preset-management.cy.js                                                         (1 of 1)


  Preset Management
    ✓ saves current settings as a preset and restores them from the sidebar (1817ms)
    ✓ uses skip dialog mode with numbered default names (1215ms)
    1) renames, deletes, and reorders presets from the sidebar
    ✓ highlights the loaded preset until settings change (2317ms)


  3 passing (18s)
  1 failing

  1) Preset Management
       renames, deletes, and reorders presets from the sidebar:
     CypressError: Timed out retrying after 10050ms: `cy.rightclick()` failed because this element:

          `<button type="button" class="preset-icon-btn preset-load-btn" aria-label="Load preset C" data-preset-id="preset-c" draggable="true">C</button>`

          has CSS `pointer-events: none`, inherited from this element:

`<aside class="preset-sidebar" id="presetSidebar" aria-label="Preset sidebar">...</aside>`

          `pointer-events: none` prevents user mouse interaction.

          Fix this problem, or use {force: true} to disable error checking.

https://on.cypress.io/element-cannot-be-interacted-with
      at ensureElDoesNotHaveCSS (http://localhost:8080/__cypress/runner/cypress_runner.js:114938:66)
      at ensureDescendents (http://localhost:8080/__cypress/runner/cypress_runner.js:115046:5)
      at ensureDescendentsAndScroll (http://localhost:8080/__cypress/runner/cypress_runner.js:115054:14)
      at ensureElIsNotCovered (http://localhost:8080/__cypress/runner/cypress_runner.js:115185:5)
      at runAllChecks (http://localhost:8080/__cypress/runner/cypress_runner.js:115384:52)
      at retryActionability (http://localhost:8080/__cypress/runner/cypress_runner.js:115421:16)
      at tryCatcher (http://localhost:8080/__cypress/runner/cypress_runner.js:1777:23)
      at Promise.attempt.Promise.try (http://localhost:8080/__cypress/runner/cypress_runner.js:4285:29)
      at whenStable (http://localhost:8080/__cypress/runner/cypress_runner.js:151724:68)
      at <unknown> (http://localhost:8080/__cypress/runner/cypress_runner.js:151665:14)
      at tryCatcher (http://localhost:8080/__cypress/runner/cypress_runner.js:1777:23)
      at Promise._settlePromiseFromHandler (http://localhost:8080/__cypress/runner/cypress_runner.js:1489:31)
      at Promise._settlePromise (http://localhost:8080/__cypress/runner/cypress_runner.js:1546:18)
      at Promise._settlePromise0 (http://localhost:8080/__cypress/runner/cypress_runner.js:1591:10)
      at Promise._settlePromises (http://localhost:8080/__cypress/runner/cypress_runner.js:1671:18)
      at Promise._fulfill (http://localhost:8080/__cypress/runner/cypress_runner.js:1615:18)
      at <unknown> (http://localhost:8080/__cypress/runner/cypress_runner.js:5420:46)
  From Your Spec Code:
      at Context.eval (webpack://audio-recorder-with-visualization/./cypress/e2e/preset-management.cy.js:76:6)
      at getRet (http://localhost:8080/__cypress/runner/cypress_runner.js:122653:20)
      at tryCatcher (http://localhost:8080/__cypress/runner/cypress_runner.js:1777:23)
      at Promise.attempt.Promise.try (http://localhost:8080/__cypress/runner/cypress_runner.js:4285:29)
      at Context.thenFn (http://localhost:8080/__cypress/runner/cypress_runner.js:122664:66)
      at Context.then (http://localhost:8080/__cypress/runner/cypress_runner.js:122915:21)
      at wrapped (http://localhost:8080/__cypress/runner/cypress_runner.js:146027:19)




  (Results)

  ┌────────────────────────────────────────────────────────────────────────────────────────────────┐
  │ Tests:        4                                                                                │
  │ Passing:      3                                                                                │
  │ Failing:      1                                                                                │
  │ Pending:      0                                                                                │
  │ Skipped:      0                                                                                │
  │ Screenshots:  1                                                                                │
  │ Video:        true                                                                             │
  │ Duration:     18 seconds                                                                       │
  │ Spec Ran:     preset-management.cy.js                                                          │
  └────────────────────────────────────────────────────────────────────────────────────────────────┘


  (Screenshots)

  -  /tmp/gh-issue-solver-1780603269419/cypress/screenshots/preset-management.cy.js/P     (1280x720)
     reset Management -- renames, deletes, and reorders presets from the sidebar (fai
     led).png


  (Video)

  -  Video output: /tmp/gh-issue-solver-1780603269419/cypress/videos/preset-management.cy.js.mp4


================================================================================

  (Run Finished)


       Spec                                              Tests  Passing  Failing  Pending  Skipped
  ┌────────────────────────────────────────────────────────────────────────────────────────────────┐
  │ ✖  preset-management.cy.js                  00:18        4        3        1        -        - │
  └────────────────────────────────────────────────────────────────────────────────────────────────┘
    ✖  1 of 1 failed (100%)                     00:18        4        3        1        -        -
